Archive member included to satisfy reference by file (symbol)

d:/embedded/stm32cubeide_1.10.1/stm32cubeide/plugins/com.st.stm32cube.ide.mcu.externaltools.gnu-tools-for-stm32.10.3-2021.10.win32_1.0.0.202111181127/tools/bin/../lib/gcc/arm-none-eabi/10.3.1/../../../../arm-none-eabi/lib/thumb/v7e-m+fp/hard\libstdc++_nano.a(new_op.o)
                              ./Core/Src/main.o (operator new(unsigned int))
d:/embedded/stm32cubeide_1.10.1/stm32cubeide/plugins/com.st.stm32cube.ide.mcu.externaltools.gnu-tools-for-stm32.10.3-2021.10.win32_1.0.0.202111181127/tools/bin/../lib/gcc/arm-none-eabi/10.3.1/../../../../arm-none-eabi/lib/thumb/v7e-m+fp/hard\libstdc++_nano.a(pure.o)
                              ./Core/Src/main.o (__cxa_pure_virtual)
d:/embedded/stm32cubeide_1.10.1/stm32cubeide/plugins/com.st.stm32cube.ide.mcu.externaltools.gnu-tools-for-stm32.10.3-2021.10.win32_1.0.0.202111181127/tools/bin/../lib/gcc/arm-none-eabi/10.3.1/../../../../arm-none-eabi/lib/thumb/v7e-m+fp/hard\libstdc++_nano.a(eh_terminate.o)
                              d:/embedded/stm32cubeide_1.10.1/stm32cubeide/plugins/com.st.stm32cube.ide.mcu.externaltools.gnu-tools-for-stm32.10.3-2021.10.win32_1.0.0.202111181127/tools/bin/../lib/gcc/arm-none-eabi/10.3.1/../../../../arm-none-eabi/lib/thumb/v7e-m+fp/hard\libstdc++_nano.a(pure.o) (std::terminate())
d:/embedded/stm32cubeide_1.10.1/stm32cubeide/plugins/com.st.stm32cube.ide.mcu.externaltools.gnu-tools-for-stm32.10.3-2021.10.win32_1.0.0.202111181127/tools/bin/../lib/gcc/arm-none-eabi/10.3.1/../../../../arm-none-eabi/lib/thumb/v7e-m+fp/hard\libstdc++_nano.a(eh_unex_handler.o)
                              d:/embedded/stm32cubeide_1.10.1/stm32cubeide/plugins/com.st.stm32cube.ide.mcu.externaltools.gnu-tools-for-stm32.10.3-2021.10.win32_1.0.0.202111181127/tools/bin/../lib/gcc/arm-none-eabi/10.3.1/../../../../arm-none-eabi/lib/thumb/v7e-m+fp/hard\libstdc++_nano.a(eh_terminate.o) (__cxxabiv1::__unexpected_handler)
d:/embedded/stm32cubeide_1.10.1/stm32cubeide/plugins/com.st.stm32cube.ide.mcu.externaltools.gnu-tools-for-stm32.10.3-2021.10.win32_1.0.0.202111181127/tools/bin/../lib/gcc/arm-none-eabi/10.3.1/../../../../arm-none-eabi/lib/thumb/v7e-m+fp/hard\libstdc++_nano.a(new_handler.o)
                              d:/embedded/stm32cubeide_1.10.1/stm32cubeide/plugins/com.st.stm32cube.ide.mcu.externaltools.gnu-tools-for-stm32.10.3-2021.10.win32_1.0.0.202111181127/tools/bin/../lib/gcc/arm-none-eabi/10.3.1/../../../../arm-none-eabi/lib/thumb/v7e-m+fp/hard\libstdc++_nano.a(new_op.o) (std::get_new_handler())
d:/embedded/stm32cubeide_1.10.1/stm32cubeide/plugins/com.st.stm32cube.ide.mcu.externaltools.gnu-tools-for-stm32.10.3-2021.10.win32_1.0.0.202111181127/tools/bin/../lib/gcc/arm-none-eabi/10.3.1/../../../../arm-none-eabi/lib/thumb/v7e-m+fp/hard\libstdc++_nano.a(eh_term_handler.o)
                              d:/embedded/stm32cubeide_1.10.1/stm32cubeide/plugins/com.st.stm32cube.ide.mcu.externaltools.gnu-tools-for-stm32.10.3-2021.10.win32_1.0.0.202111181127/tools/bin/../lib/gcc/arm-none-eabi/10.3.1/../../../../arm-none-eabi/lib/thumb/v7e-m+fp/hard\libstdc++_nano.a(eh_terminate.o) (__cxxabiv1::__terminate_handler)
d:/embedded/stm32cubeide_1.10.1/stm32cubeide/plugins/com.st.stm32cube.ide.mcu.externaltools.gnu-tools-for-stm32.10.3-2021.10.win32_1.0.0.202111181127/tools/bin/../lib/gcc/arm-none-eabi/10.3.1/../../../../arm-none-eabi/lib/thumb/v7e-m+fp/hard\libc_nano.a(lib_a-abort.o)
                              d:/embedded/stm32cubeide_1.10.1/stm32cubeide/plugins/com.st.stm32cube.ide.mcu.externaltools.gnu-tools-for-stm32.10.3-2021.10.win32_1.0.0.202111181127/tools/bin/../lib/gcc/arm-none-eabi/10.3.1/../../../../arm-none-eabi/lib/thumb/v7e-m+fp/hard\libstdc++_nano.a(new_op.o) (abort)
d:/embedded/stm32cubeide_1.10.1/stm32cubeide/plugins/com.st.stm32cube.ide.mcu.externaltools.gnu-tools-for-stm32.10.3-2021.10.win32_1.0.0.202111181127/tools/bin/../lib/gcc/arm-none-eabi/10.3.1/../../../../arm-none-eabi/lib/thumb/v7e-m+fp/hard\libc_nano.a(lib_a-errno.o)
                              ./Core/Src/syscalls.o (__errno)
d:/embedded/stm32cubeide_1.10.1/stm32cubeide/plugins/com.st.stm32cube.ide.mcu.externaltools.gnu-tools-for-stm32.10.3-2021.10.win32_1.0.0.202111181127/tools/bin/../lib/gcc/arm-none-eabi/10.3.1/../../../../arm-none-eabi/lib/thumb/v7e-m+fp/hard\libc_nano.a(lib_a-exit.o)
                              d:/embedded/stm32cubeide_1.10.1/stm32cubeide/plugins/com.st.stm32cube.ide.mcu.externaltools.gnu-tools-for-stm32.10.3-2021.10.win32_1.0.0.202111181127/tools/bin/../lib/gcc/arm-none-eabi/10.3.1/../../../../arm-none-eabi/lib/thumb/v7e-m+fp/hard/crt0.o (exit)
d:/embedded/stm32cubeide_1.10.1/stm32cubeide/plugins/com.st.stm32cube.ide.mcu.externaltools.gnu-tools-for-stm32.10.3-2021.10.win32_1.0.0.202111181127/tools/bin/../lib/gcc/arm-none-eabi/10.3.1/../../../../arm-none-eabi/lib/thumb/v7e-m+fp/hard\libc_nano.a(lib_a-impure.o)
[...]
Memory Configuration

Name             Origin             Length             Attributes
CCMRAM           0x0000000010000000 0x0000000000010000 xrw
RAM              0x0000000020000000 0x0000000000020000 xrw
FLASH            0x0000000008000000 0x0000000000100000 xr
*default*        0x0000000000000000 0xffffffffffffffff

Linker script and memory map

LOAD d:/embedded/stm32cubeide_1.10.1/stm32cubeide/plugins/com.st.stm32cube.ide.mcu.externaltools.gnu-tools-for-stm32.10.3-2021.10.win32_1.0.0.202111181127/tools/bin/../lib/gcc/arm-none-eabi/10.3.1/thumb/v7e-m+fp/hard/crti.o
LOAD d:/embedded/stm32cubeide_1.10.1/stm32cubeide/plugins/com.st.stm32cube.ide.mcu.externaltools.gnu-tools-for-stm32.10.3-2021.10.win32_1.0.0.202111181127/tools/bin/../lib/gcc/arm-none-eabi/10.3.1/thumb/v7e-m+fp/hard/crtbegin.o
LOAD d:/embedded/stm32cubeide_1.10.1/stm32cubeide/plugins/com.st.stm32cube.ide.mcu.externaltools.gnu-tools-for-stm32.10.3-2021.10.win32_1.0.0.202111181127/tools/bin/../lib/gcc/arm-none-eabi/10.3.1/../../../../arm-none-eabi/lib/thumb/v7e-m+fp/hard/crt0.o
LOAD ./Core/Src/ADC_Device.o
LOAD ./Core/Src/MaxDevice.o
LOAD ./Core/Src/main.o
LOAD ./Core/Src/stm32f4xx_hal_msp.o
LOAD ./Core/Src/stm32f4xx_it.o
LOAD ./Core/Src/syscalls.o
LOAD ./Core/Src/sysmem.o
LOAD ./Core/Src/system_stm32f4xx.o
LOAD ./Core/Startup/startup_stm32f407vgtx.o
LOAD ./Drivers/STM32F4xx_HAL_Driver/Src/stm32f4xx_hal.o
LOAD ./Drivers/STM32F4xx_HAL_Driver/Src/stm32f4xx_hal_cortex.o
LOAD ./Drivers/STM32F4xx_HAL_Driver/Src/stm32f4xx_hal_dma.o
LOAD ./Drivers/STM32F4xx_HAL_Driver/Src/stm32f4xx_hal_dma_ex.o
LOAD ./Drivers/STM32F4xx_HAL_Driver/Src/stm32f4xx_hal_exti.o
LOAD ./Drivers/STM32F4xx_HAL_Driver/Src/stm32f4xx_hal_flash.o
LOAD ./Drivers/STM32F4xx_HAL_Driver/Src/stm32f4xx_hal_flash_ex.o
LOAD ./Drivers/STM32F4xx_HAL_Driver/Src/stm32f4xx_hal_flash_ramfunc.o
LOAD ./Drivers/STM32F4xx_HAL_Driver/Src/stm32f4xx_hal_gpio.o
LOAD ./Drivers/STM32F4xx_HAL_Driver/Src/stm32f4xx_hal_i2c.o
LOAD ./Drivers/STM32F4xx_HAL_Driver/Src/stm32f4xx_hal_i2c_ex.o
LOAD ./Drivers/STM32F4xx_HAL_Driver/Src/stm32f4xx_hal_pwr.o
LOAD ./Drivers/STM32F4xx_HAL_Driver/Src/stm32f4xx_hal_pwr_ex.o
LOAD ./Drivers/STM32F4xx_HAL_Driver/Src/stm32f4xx_hal_rcc.o
LOAD ./Drivers/STM32F4xx_HAL_Driver/Src/stm32f4xx_hal_rcc_ex.o
LOAD ./Drivers/STM32F4xx_HAL_Driver/Src/stm32f4xx_hal_tim.o
LOAD ./Drivers/STM32F4xx_HAL_Driver/Src/stm32f4xx_hal_tim_ex.o
START GROUP
LOAD d:/embedded/stm32cubeide_1.10.1/stm32cubeide/plugins/com.st.stm32cube.ide.mcu.externaltools.gnu-tools-for-stm32.10.3-2021.10.win32_1.0.0.202111181127/tools/bin/../lib/gcc/arm-none-eabi/10.3.1/../../../../arm-none-eabi/lib/thumb/v7e-m+fp/hard\libstdc++_nano.a
LOAD d:/embedded/stm32cubeide_1.10.1/stm32cubeide/plugins/com.st.stm32cube.ide.mcu.externaltools.gnu-tools-for-stm32.10.3-2021.10.win32_1.0.0.202111181127/tools/bin/../lib/gcc/arm-none-eabi/10.3.1/../../../../arm-none-eabi/lib/thumb/v7e-m+fp/hard\libsupc++_nano.a
END GROUP
LOAD d:/embedded/stm32cubeide_1.10.1/stm32cubeide/plugins/com.st.stm32cube.ide.mcu.externaltools.gnu-tools-for-stm32.10.3-2021.10.win32_1.0.0.202111181127/tools/bin/../lib/gcc/arm-none-eabi/10.3.1/../../../../arm-none-eabi/lib/thumb/v7e-m+fp/hard\libstdc++_nano.a
LOAD d:/embedded/stm32cubeide_1.10.1/stm32cubeide/plugins/com.st.stm32cube.ide.mcu.externaltools.gnu-tools-for-stm32.10.3-2021.10.win32_1.0.0.202111181127/tools/bin/../lib/gcc/arm-none-eabi/10.3.1/../../../../arm-none-eabi/lib/thumb/v7e-m+fp/hard\libm.a
LOAD d:/embedded/stm32cubeide_1.10.1/stm32cubeide/plugins/com.st.stm32cube.ide.mcu.externaltools.gnu-tools-for-stm32.10.3-2021.10.win32_1.0.0.202111181127/tools/bin/../lib/gcc/arm-none-eabi/10.3.1/../../../../arm-none-eabi/lib/thumb/v7e-m+fp/hard\libc_nano.a
START GROUP
LOAD d:/embedded/stm32cubeide_1.10.1/stm32cubeide/plugins/com.st.stm32cube.ide.mcu.externaltools.gnu-tools-for-stm32.10.3-2021.10.win32_1.0.0.202111181127/tools/bin/../lib/gcc/arm-none-eabi/10.3.1/thumb/v7e-m+fp/hard\libgcc.a
LOAD d:/embedded/stm32cubeide_1.10.1/stm32cubeide/plugins/com.st.stm32cube.ide.mcu.externaltools.gnu-tools-for-stm32.10.3-2021.10.win32_1.0.0.202111181127/tools/bin/../lib/gcc/arm-none-eabi/10.3.1/../../../../arm-none-eabi/lib/thumb/v7e-m+fp/hard\libc_nano.a
END GROUP
START GROUP
LOAD d:/embedded/stm32cubeide_1.10.1/stm32cubeide/plugins/com.st.stm32cube.ide.mcu.externaltools.gnu-tools-for-stm32.10.3-2021.10.win32_1.0.0.202111181127/tools/bin/../lib/gcc/arm-none-eabi/10.3.1/thumb/v7e-m+fp/hard\libgcc.a
LOAD d:/embedded/stm32cubeide_1.10.1/stm32cubeide/plugins/com.st.stm32cube.ide.mcu.externaltools.gnu-tools-for-stm32.10.3-2021.10.win32_1.0.0.202111181127/tools/bin/../lib/gcc/arm-none-eabi/10.3.1/../../../../arm-none-eabi/lib/thumb/v7e-m+fp/hard\libc_nano.a
END GROUP
LOAD d:/embedded/stm32cubeide_1.10.1/stm32cubeide/plugins/com.st.stm32cube.ide.mcu.externaltools.gnu-tools-for-stm32.10.3-2021.10.win32_1.0.0.202111181127/tools/bin/../lib/gcc/arm-none-eabi/10.3.1/thumb/v7e-m+fp/hard/crtend.o
LOAD d:/embedded/stm32cubeide_1.10.1/stm32cubeide/plugins/com.st.stm32cube.ide.mcu.externaltools.gnu-tools-for-stm32.10.3-2021.10.win32_1.0.0.202111181127/tools/bin/../lib/gcc/arm-none-eabi/10.3.1/thumb/v7e-m+fp/hard/crtn.o
                0x0000000020020000                _estack = (ORIGIN (RAM) + LENGTH (RAM))
                0x0000000000000200                _Min_Heap_Size = 0x200
                0x0000000000000400                _Min_Stack_Size = 0x400

.isr_vector     0x0000000008000000      0x188
                0x0000000008000000                . = ALIGN (0x4)
 *(.isr_vector)
 .isr_vector    0x0000000008000000      0x188 ./Core/Startup/startup_stm32f407vgtx.o
                0x0000000008000000                g_pfnVectors
                0x0000000008000188                . = ALIGN (0x4)

.text           0x0000000008000188     0x27d8
                0x0000000008000188                . = ALIGN (0x4)
 *(.text)
 .text          0x0000000008000188       0x40 d:/embedded/stm32cubeide_1.10.1/stm32cubeide/plugins/com.st.stm32cube.ide.mcu.externaltools.gnu-tools-for-stm32.10.3-2021.10.win32_1.0.0.202111181127/tools/bin/../lib/gcc/arm-none-eabi/10.3.1/thumb/v7e-m+fp/hard/crtbegin.o
 .text          0x00000000080001c8      0x254 d:/embedded/stm32cubeide_1.10.1/stm32cubeide/plugins/com.st.stm32cube.ide.mcu.externaltools.gnu-tools-for-stm32.10.3-2021.10.win32_1.0.0.202111181127/tools/bin/../lib/gcc/arm-none-eabi/10.3.1/thumb/v7e-m+fp/hard\libgcc.a(_arm_muldf3.o)
                0x00000000080001c8                __muldf3
                0x00000000080001c8                __aeabi_dmul
 .text          0x000000000800041c      0x378 d:/embedded/stm32cubeide_1.10.1/stm32cubeide/plugins/com.st.stm32cube.ide.mcu.externaltools.gnu-tools-for-stm32.10.3-2021.10.win32_1.0.0.202111181127/tools/bin/../lib/gcc/arm-none-eabi/10.3.1/thumb/v7e-m+fp/hard\libgcc.a(_arm_addsubdf3.o)
                0x000000000800041c                __aeabi_drsub
                0x0000000008000424                __aeabi_dsub
                0x0000000008000424                __subdf3
                0x0000000008000428                __aeabi_dadd
                0x0000000008000428                __adddf3
                0x00000000080006a0                __floatunsidf
                0x00000000080006a0                __aeabi_ui2d
                0x00000000080006c0                __floatsidf
                0x00000000080006c0                __aeabi_i2d
                0x00000000080006e4                __aeabi_f2d
                0x00000000080006e4                __extendsfdf2
                0x0000000008000728                __floatundidf
                0x0000000008000728                __aeabi_ul2d
                0x0000000008000738                __floatdidf
                0x0000000008000738                __aeabi_l2d
 .text          0x0000000008000794       0xa0 d:/embedded/stm32cubeide_1.10.1/stm32cubeide/plugins/com.st.stm32cube.ide.mcu.externaltools.gnu-tools-for-stm32.10.3-2021.10.win32_1.0.0.202111181127/tools/bin/../lib/gcc/arm-none-eabi/10.3.1/thumb/v7e-m+fp/hard\libgcc.a(_arm_truncdfsf2.o)
                0x0000000008000794                __truncdfsf2
                0x0000000008000794                __aeabi_d2f
 *(.text*)
 .text._ZN14ADC7828_Device10GetAddressEv
                0x0000000008000834       0x18 ./Core/Src/ADC_Device.o
                0x0000000008000834                ADC7828_Device::GetAddress()
 .text._ZN14ADC7828_Device12SetPinConfigEh
                0x000000000800084c       0x1e ./Core/Src/ADC_Device.o
                0x000000000800084c                ADC7828_Device::SetPinConfig(unsigned char)
 .text._ZN14ADC7828_Device12GetPinConfigEv
                0x000000000800086a       0x18 ./Core/Src/ADC_Device.o
                0x000000000800086a                ADC7828_Device::GetPinConfig()
 *fill*         0x0000000008000882        0x2 
 .text._ZN14ADC7828_Device7ReadADCEPt
                0x0000000008000884       0x88 ./Core/Src/ADC_Device.o
                0x0000000008000884                ADC7828_Device::ReadADC(unsigned short*)
 .text._ZN14ADC7828_Device10ADC_ToVoltEtPf
                0x000000000800090c       0x4c ./Core/Src/ADC_Device.o
                0x000000000800090c                ADC7828_Device::ADC_ToVolt(unsigned short, float*)
 .text._ZN15Max30205_Device10GetAddressEv
                0x0000000008000958       0x18 ./Core/Src/MaxDevice.o
                0x0000000008000958                Max30205_Device::GetAddress()
 .text._ZN15Max30205_Device12SetPinConfigEh
                0x0000000008000970       0x1e ./Core/Src/MaxDevice.o
                0x0000000008000970                Max30205_Device::SetPinConfig(unsigned char)
 .text._ZN15Max30205_Device12GetPinConfigEv
                0x000000000800098e       0x18 ./Core/Src/MaxDevice.o
                0x000000000800098e                Max30205_Device::GetPinConfig()
 *fill*         0x00000000080009a6        0x2 
 .text._ZN15Max30205_Device11MaxReadTempEPf
                0x00000000080009a8       0xa0 ./Core/Src/MaxDevice.o
                0x00000000080009a8                Max30205_Device::MaxReadTemp(float*)
 .text._Z15SetDevPinConfigP16DevicesInterfaceh
                0x0000000008000a48       0x24 ./Core/Src/main.o
                0x0000000008000a48                SetDevPinConfig(DevicesInterface*, unsigned char)
 .text._ZN16DevicesInterfaceC2Ev
                0x0000000008000a6c       0x20 ./Core/Src/main.o
                0x0000000008000a6c                DevicesInterface::DevicesInterface()
                0x0000000008000a6c                DevicesInterface::DevicesInterface()
 .text._ZN14ADC7828_DeviceC2Ev
                0x0000000008000a8c       0x3c ./Core/Src/main.o
                0x0000000008000a8c                ADC7828_Device::ADC7828_Device()
                0x0000000008000a8c                ADC7828_Device::ADC7828_Device()
 .text._ZN15Max30205_DeviceC2Ev
                0x0000000008000ac8       0x2c ./Core/Src/main.o
                0x0000000008000ac8                Max30205_Device::Max30205_Device()
                0x0000000008000ac8                Max30205_Device::Max30205_Device()
 .text.main     0x0000000008000af4       0xc0 ./Core/Src/main.o
                0x0000000008000af4                main
 .text.HAL_MspInit
                0x0000000008000bb4       0x50 ./Core/Src/stm32f4xx_hal_msp.o
                0x0000000008000bb4                HAL_MspInit
 .text.NMI_Handler
                0x0000000008000c04        0x6 ./Core/Src/stm32f4xx_it.o
                0x0000000008000c04                NMI_Handler
 .text.HardFault_Handler
                0x0000000008000c0a        0x6 ./Core/Src/stm32f4xx_it.o
                0x0000000008000c0a                HardFault_Handler
 .text.MemManage_Handler
                0x0000000008000c10        0x6 ./Core/Src/stm32f4xx_it.o
                0x0000000008000c10                MemManage_Handler
 .text.BusFault_Handler
                0x0000000008000c16        0x6 ./Core/Src/stm32f4xx_it.o
                0x0000000008000c16                BusFault_Handler
 .text.UsageFault_Handler
                0x0000000008000c1c        0x6 ./Core/Src/stm32f4xx_it.o
                0x0000000008000c1c                UsageFault_Handler
 .text.SVC_Handler
                0x0000000008000c22        0xe ./Core/Src/stm32f4xx_it.o
                0x0000000008000c22                SVC_Handler
 .text.DebugMon_Handler
                0x0000000008000c30        0xe ./Core/Src/stm32f4xx_it.o
                0x0000000008000c30                DebugMon_Handler
 .text.PendSV_Handler
                0x0000000008000c3e        0xe ./Core/Src/stm32f4xx_it.o
                0x0000000008000c3e                PendSV_Handler
 .text.SysTick_Handler
                0x0000000008000c4c        0xc ./Core/Src/stm32f4xx_it.o
                0x0000000008000c4c                SysTick_Handler
 .text._getpid  0x0000000008000c58       0x10 ./Core/Src/syscalls.o
                0x0000000008000c58                _getpid
 .text._kill    0x0000000008000c68       0x20 ./Core/Src/syscalls.o
                0x0000000008000c68                _kill
 .text._exit    0x0000000008000c88       0x14 ./Core/Src/syscalls.o
                0x0000000008000c88                _exit
 .text._sbrk    0x0000000008000c9c       0x6c ./Core/Src/sysmem.o
                0x0000000008000c9c                _sbrk
 .text.SystemInit
                0x0000000008000d08       0x24 ./Core/Src/system_stm32f4xx.o
                0x0000000008000d08                SystemInit
 .text.Reset_Handler
                0x0000000008000d2c       0x50 ./Core/Startup/startup_stm32f407vgtx.o
                0x0000000008000d2c                Reset_Handler
 .text.Default_Handler
                0x0000000008000d7c        0x2 ./Core/Startup/startup_stm32f407vgtx.o
                0x0000000008000d7c                RTC_Alarm_IRQHandler
                0x0000000008000d7c                HASH_RNG_IRQHandler
                0x0000000008000d7c                EXTI2_IRQHandler
                0x0000000008000d7c                TIM8_CC_IRQHandler
                0x0000000008000d7c                TIM1_CC_IRQHandler
                0x0000000008000d7c                DMA2_Stream5_IRQHandler
                0x0000000008000d7c                DMA1_Stream5_IRQHandler
                0x0000000008000d7c                PVD_IRQHandler
                0x0000000008000d7c                SDIO_IRQHandler
                0x0000000008000d7c                TAMP_STAMP_IRQHandler
                0x0000000008000d7c                CAN2_RX1_IRQHandler
                0x0000000008000d7c                EXTI3_IRQHandler
                0x0000000008000d7c                TIM8_TRG_COM_TIM14_IRQHandler
                0x0000000008000d7c                TIM1_UP_TIM10_IRQHandler
                0x0000000008000d7c                TIM8_UP_TIM13_IRQHandler
                0x0000000008000d7c                I2C3_ER_IRQHandler
                0x0000000008000d7c                EXTI0_IRQHandler
                0x0000000008000d7c                I2C2_EV_IRQHandler
                0x0000000008000d7c                DMA1_Stream2_IRQHandler
                0x0000000008000d7c                CAN1_RX0_IRQHandler
                0x0000000008000d7c                FPU_IRQHandler
                0x0000000008000d7c                OTG_HS_WKUP_IRQHandler
                0x0000000008000d7c                CAN2_SCE_IRQHandler
                0x0000000008000d7c                DMA2_Stream2_IRQHandler
                0x0000000008000d7c                SPI1_IRQHandler
                0x0000000008000d7c                TIM6_DAC_IRQHandler
                0x0000000008000d7c                TIM1_BRK_TIM9_IRQHandler
                0x0000000008000d7c                DCMI_IRQHandler
                0x0000000008000d7c                CAN2_RX0_IRQHandler
                0x0000000008000d7c                DMA2_Stream3_IRQHandler
                0x0000000008000d7c                USART6_IRQHandler
                0x0000000008000d7c                USART3_IRQHandler
                0x0000000008000d7c                CAN1_RX1_IRQHandler
                0x0000000008000d7c                UART5_IRQHandler
                0x0000000008000d7c                DMA2_Stream0_IRQHandler
                0x0000000008000d7c                TIM4_IRQHandler
                0x0000000008000d7c                I2C1_EV_IRQHandler
                0x0000000008000d7c                DMA1_Stream6_IRQHandler
                0x0000000008000d7c                DMA1_Stream1_IRQHandler
                0x0000000008000d7c                UART4_IRQHandler
                0x0000000008000d7c                TIM3_IRQHandler
                0x0000000008000d7c                RCC_IRQHandler
                0x0000000008000d7c                TIM8_BRK_TIM12_IRQHandler
                0x0000000008000d7c                Default_Handler
                0x0000000008000d7c                EXTI15_10_IRQHandler
                0x0000000008000d7c                ADC_IRQHandler
                0x0000000008000d7c                DMA1_Stream7_IRQHandler
                0x0000000008000d7c                TIM7_IRQHandler
                0x0000000008000d7c                CAN2_TX_IRQHandler
                0x0000000008000d7c                TIM5_IRQHandler
                0x0000000008000d7c                DMA2_Stream7_IRQHandler
                0x0000000008000d7c                I2C3_EV_IRQHandler
                0x0000000008000d7c                EXTI9_5_IRQHandler
                0x0000000008000d7c                RTC_WKUP_IRQHandler
                0x0000000008000d7c                ETH_WKUP_IRQHandler
                0x0000000008000d7c                SPI2_IRQHandler
                0x0000000008000d7c                OTG_HS_EP1_IN_IRQHandler
                0x0000000008000d7c                DMA1_Stream0_IRQHandler
                0x0000000008000d7c                CAN1_TX_IRQHandler
                0x0000000008000d7c                EXTI4_IRQHandler
                0x0000000008000d7c                FSMC_IRQHandler
                0x0000000008000d7c                ETH_IRQHandler
                0x0000000008000d7c                OTG_HS_EP1_OUT_IRQHandler
                0x0000000008000d7c                WWDG_IRQHandler
                0x0000000008000d7c                TIM2_IRQHandler
                0x0000000008000d7c                OTG_FS_WKUP_IRQHandler
                0x0000000008000d7c                TIM1_TRG_COM_TIM11_IRQHandler
                0x0000000008000d7c                OTG_HS_IRQHandler
                0x0000000008000d7c                EXTI1_IRQHandler
                0x0000000008000d7c                USART2_IRQHandler
                0x0000000008000d7c                I2C2_ER_IRQHandler
                0x0000000008000d7c                DMA2_Stream1_IRQHandler
                0x0000000008000d7c                CAN1_SCE_IRQHandler
                0x0000000008000d7c                FLASH_IRQHandler
                0x0000000008000d7c                DMA2_Stream4_IRQHandler
                0x0000000008000d7c                USART1_IRQHandler
                0x0000000008000d7c                OTG_FS_IRQHandler
                0x0000000008000d7c                SPI3_IRQHandler
                0x0000000008000d7c                DMA1_Stream4_IRQHandler
                0x0000000008000d7c                I2C1_ER_IRQHandler
                0x0000000008000d7c                DMA2_Stream6_IRQHandler
                0x0000000008000d7c                DMA1_Stream3_IRQHandler
 *fill*         0x0000000008000d7e        0x2 
 .text.HAL_Init
                0x0000000008000d80       0x44 ./Drivers/STM32F4xx_HAL_Driver/Src/stm32f4xx_hal.o
                0x0000000008000d80                HAL_Init
 .text.HAL_InitTick
                0x0000000008000dc4       0x60 ./Drivers/STM32F4xx_HAL_Driver/Src/stm32f4xx_hal.o
                0x0000000008000dc4                HAL_InitTick
 .text.HAL_IncTick
                0x0000000008000e24       0x28 ./Drivers/STM32F4xx_HAL_Driver/Src/stm32f4xx_hal.o
                0x0000000008000e24                HAL_IncTick
 .text.HAL_GetTick
                0x0000000008000e4c       0x18 ./Drivers/STM32F4xx_HAL_Driver/Src/stm32f4xx_hal.o
                0x0000000008000e4c                HAL_GetTick
 .text.HAL_Delay
                0x0000000008000e64       0x48 ./Drivers/STM32F4xx_HAL_Driver/Src/stm32f4xx_hal.o
                0x0000000008000e64                HAL_Delay
 .text.__NVIC_SetPriorityGrouping
                0x0000000008000eac       0x48 ./Drivers/STM32F4xx_HAL_Driver/Src/stm32f4xx_hal_cortex.o
 .text.__NVIC_GetPriorityGrouping
                0x0000000008000ef4       0x1c ./Drivers/STM32F4xx_HAL_Driver/Src/stm32f4xx_hal_cortex.o
 .text.__NVIC_SetPriority
                0x0000000008000f10       0x54 ./Drivers/STM32F4xx_HAL_Driver/Src/stm32f4xx_hal_cortex.o
 .text.NVIC_EncodePriority
                0x0000000008000f64       0x66 ./Drivers/STM32F4xx_HAL_Driver/Src/stm32f4xx_hal_cortex.o
 *fill*         0x0000000008000fca        0x2 
 .text.SysTick_Config
                0x0000000008000fcc       0x44 ./Drivers/STM32F4xx_HAL_Driver/Src/stm32f4xx_hal_cortex.o
 .text.HAL_NVIC_SetPriorityGrouping
                0x0000000008001010       0x16 ./Drivers/STM32F4xx_HAL_Driver/Src/stm32f4xx_hal_cortex.o
                0x0000000008001010                HAL_NVIC_SetPriorityGrouping
 .text.HAL_NVIC_SetPriority
                0x0000000008001026       0x38 ./Drivers/STM32F4xx_HAL_Driver/Src/stm32f4xx_hal_cortex.o
                0x0000000008001026                HAL_NVIC_SetPriority
 .text.HAL_SYSTICK_Config
                0x000000000800105e       0x18 ./Drivers/STM32F4xx_HAL_Driver/Src/stm32f4xx_hal_cortex.o
                0x000000000800105e                HAL_SYSTICK_Config
 .text.HAL_GPIO_TogglePin
                0x0000000008001076       0x34 ./Drivers/STM32F4xx_HAL_Driver/Src/stm32f4xx_hal_gpio.o
                0x0000000008001076                HAL_GPIO_TogglePin
 *fill*         0x00000000080010aa        0x2 
 .text.HAL_I2C_Master_Transmit
                0x00000000080010ac      0x1fc ./Drivers/STM32F4xx_HAL_Driver/Src/stm32f4xx_hal_i2c.o
                0x00000000080010ac                HAL_I2C_Master_Transmit
 .text.HAL_I2C_Master_Receive
                0x00000000080012a8      0x44c ./Drivers/STM32F4xx_HAL_Driver/Src/stm32f4xx_hal_i2c.o
                0x00000000080012a8                HAL_I2C_Master_Receive
 .text.HAL_I2C_Mem_Write
                0x00000000080016f4      0x1f4 ./Drivers/STM32F4xx_HAL_Driver/Src/stm32f4xx_hal_i2c.o
                0x00000000080016f4                HAL_I2C_Mem_Write
 .text.HAL_I2C_Mem_Read
                0x00000000080018e8      0x44c ./Drivers/STM32F4xx_HAL_Driver/Src/stm32f4xx_hal_i2c.o
                0x00000000080018e8                HAL_I2C_Mem_Read
 .text.I2C_MasterRequestWrite
                0x0000000008001d34      0x104 ./Drivers/STM32F4xx_HAL_Driver/Src/stm32f4xx_hal_i2c.o
 .text.I2C_MasterRequestRead
                0x0000000008001e38      0x19c ./Drivers/STM32F4xx_HAL_Driver/Src/stm32f4xx_hal_i2c.o
 .text.I2C_RequestMemoryWrite
                0x0000000008001fd4      0x12c ./Drivers/STM32F4xx_HAL_Driver/Src/stm32f4xx_hal_i2c.o
 .text.I2C_RequestMemoryRead
                0x0000000008002100      0x1d0 ./Drivers/STM32F4xx_HAL_Driver/Src/stm32f4xx_hal_i2c.o
 .text.I2C_WaitOnFlagUntilTimeout
                0x00000000080022d0       0xae ./Drivers/STM32F4xx_HAL_Driver/Src/stm32f4xx_hal_i2c.o
 .text.I2C_WaitOnMasterAddressFlagUntilTimeout
                0x000000000800237e       0xfe ./Drivers/STM32F4xx_HAL_Driver/Src/stm32f4xx_hal_i2c.o
 .text.I2C_WaitOnTXEFlagUntilTimeout
                0x000000000800247c       0x82 ./Drivers/STM32F4xx_HAL_Driver/Src/stm32f4xx_hal_i2c.o
 .text.I2C_WaitOnBTFFlagUntilTimeout
                0x00000000080024fe       0x82 ./Drivers/STM32F4xx_HAL_Driver/Src/stm32f4xx_hal_i2c.o
 .text.I2C_WaitOnRXNEFlagUntilTimeout
                0x0000000008002580       0xac ./Drivers/STM32F4xx_HAL_Driver/Src/stm32f4xx_hal_i2c.o
 .text.I2C_IsAcknowledgeFailed
                0x000000000800262c       0x5e ./Drivers/STM32F4xx_HAL_Driver/Src/stm32f4xx_hal_i2c.o
 .text._Znwj    0x000000000800268a       0x22 d:/embedded/stm32cubeide_1.10.1/stm32cubeide/plugins/com.st.stm32cube.ide.mcu.externaltools.gnu-tools-for-stm32.10.3-2021.10.win32_1.0.0.202111181127/tools/bin/../lib/gcc/arm-none-eabi/10.3.1/../../../../arm-none-eabi/lib/thumb/v7e-m+fp/hard\libstdc++_nano.a(new_op.o)
                0x000000000800268a                operator new(unsigned int)
 .text.__cxa_pure_virtual
                0x00000000080026ac        0x6 d:/embedded/stm32cubeide_1.10.1/stm32cubeide/plugins/com.st.stm32cube.ide.mcu.externaltools.gnu-tools-for-stm32.10.3-2021.10.win32_1.0.0.202111181127/tools/bin/../lib/gcc/arm-none-eabi/10.3.1/../../../../arm-none-eabi/lib/thumb/v7e-m+fp/hard\libstdc++_nano.a(pure.o)
                0x00000000080026ac                __cxa_pure_virtual
 .text._ZN10__cxxabiv111__terminateEPFvvE
                0x00000000080026b2        0x8 d:/embedded/stm32cubeide_1.10.1/stm32cubeide/plugins/com.st.stm32cube.ide.mcu.externaltools.gnu-tools-for-stm32.10.3-2021.10.win32_1.0.0.202111181127/tools/bin/../lib/gcc/arm-none-eabi/10.3.1/../../../../arm-none-eabi/lib/thumb/v7e-m+fp/hard\libstdc++_nano.a(eh_terminate.o)
                0x00000000080026b2                __cxxabiv1::__terminate(void (*)())
 *fill*         0x00000000080026ba        0x2 
 .text._ZSt13get_terminatev
                0x00000000080026bc       0x10 d:/embedded/stm32cubeide_1.10.1/stm32cubeide/plugins/com.st.stm32cube.ide.mcu.externaltools.gnu-tools-for-stm32.10.3-2021.10.win32_1.0.0.202111181127/tools/bin/../lib/gcc/arm-none-eabi/10.3.1/../../../../arm-none-eabi/lib/thumb/v7e-m+fp/hard\libstdc++_nano.a(eh_terminate.o)
                0x00000000080026bc                std::get_terminate()
 .text._ZSt9terminatev
                0x00000000080026cc        0xa d:/embedded/stm32cubeide_1.10.1/stm32cubeide/plugins/com.st.stm32cube.ide.mcu.externaltools.gnu-tools-for-stm32.10.3-2021.10.win32_1.0.0.202111181127/tools/bin/../lib/gcc/arm-none-eabi/10.3.1/../../../../arm-none-eabi/lib/thumb/v7e-m+fp/hard\libstdc++_nano.a(eh_terminate.o)
                0x00000000080026cc                std::terminate()
 *fill*         0x00000000080026d6        0x2 
 .text._ZSt15get_new_handlerv
                0x00000000080026d8       0x10 d:/embedded/stm32cubeide_1.10.1/stm32cubeide/plugins/com.st.stm32cube.ide.mcu.externaltools.gnu-tools-for-stm32.10.3-2021.10.win32_1.0.0.202111181127/tools/bin/../lib/gcc/arm-none-eabi/10.3.1/../../../../arm-none-eabi/lib/thumb/v7e-m+fp/hard\libstdc++_nano.a(new_handler.o)
                0x00000000080026d8                std::get_new_handler()
 .text.abort    0x00000000080026e8        0xe d:/embedded/stm32cubeide_1.10.1/stm32cubeide/plugins/com.st.stm32cube.ide.mcu.externaltools.gnu-tools-for-stm32.10.3-2021.10.win32_1.0.0.202111181127/tools/bin/../lib/gcc/arm-none-eabi/10.3.1/../../../../arm-none-eabi/lib/thumb/v7e-m+fp/hard\libc_nano.a(lib_a-abort.o)
                0x00000000080026e8                abort
 *fill*         0x00000000080026f6        0x2 
 .text.__errno  0x00000000080026f8        0xc d:/embedded/stm32cubeide_1.10.1/stm32cubeide/plugins/com.st.stm32cube.ide.mcu.externaltools.gnu-tools-for-stm32.10.3-2021.10.win32_1.0.0.202111181127/tools/bin/../lib/gcc/arm-none-eabi/10.3.1/../../../../arm-none-eabi/lib/thumb/v7e-m+fp/hard\libc_nano.a(lib_a-errno.o)
                0x00000000080026f8                __errno
 .text.__libc_init_array
                0x0000000008002704       0x48 d:/embedded/stm32cubeide_1.10.1/stm32cubeide/plugins/com.st.stm32cube.ide.mcu.externaltools.gnu-tools-for-stm32.10.3-2021.10.win32_1.0.0.202111181127/tools/bin/../lib/gcc/arm-none-eabi/10.3.1/../../../../arm-none-eabi/lib/thumb/v7e-m+fp/hard\libc_nano.a(lib_a-init.o)
                0x0000000008002704                __libc_init_array
 .text.malloc   0x000000000800274c       0x10 d:/embedded/stm32cubeide_1.10.1/stm32cubeide/plugins/com.st.stm32cube.ide.mcu.externaltools.gnu-tools-for-stm32.10.3-2021.10.win32_1.0.0.202111181127/tools/bin/../lib/gcc/arm-none-eabi/10.3.1/../../../../arm-none-eabi/lib/thumb/v7e-m+fp/hard\libc_nano.a(lib_a-malloc.o)
                0x000000000800274c                malloc
 .text.sbrk_aligned
                0x000000000800275c       0x40 d:/embedded/stm32cubeide_1.10.1/stm32cubeide/plugins/com.st.stm32cube.ide.mcu.externaltools.gnu-tools-for-stm32.10.3-2021.10.win32_1.0.0.202111181127/tools/bin/../lib/gcc/arm-none-eabi/10.3.1/../../../../arm-none-eabi/lib/thumb/v7e-m+fp/hard\libc_nano.a(lib_a-nano-mallocr.o)
 .text._malloc_r
                0x000000000800279c       0xe8 d:/embedded/stm32cubeide_1.10.1/stm32cubeide/plugins/com.st.stm32cube.ide.mcu.externaltools.gnu-tools-for-stm32.10.3-2021.10.win32_1.0.0.202111181127/tools/bin/../lib/gcc/arm-none-eabi/10.3.1/../../../../arm-none-eabi/lib/thumb/v7e-m+fp/hard\libc_nano.a(lib_a-nano-mallocr.o)
                0x000000000800279c                _malloc_r
 .text._sbrk_r  0x0000000008002884       0x20 d:/embedded/stm32cubeide_1.10.1/stm32cubeide/plugins/com.st.stm32cube.ide.mcu.externaltools.gnu-tools-for-stm32.10.3-2021.10.win32_1.0.0.202111181127/tools/bin/../lib/gcc/arm-none-eabi/10.3.1/../../../../arm-none-eabi/lib/thumb/v7e-m+fp/hard\libc_nano.a(lib_a-sbrkr.o)
                0x0000000008002884                _sbrk_r
 .text._raise_r
                0x00000000080028a4       0x50 d:/embedded/stm32cubeide_1.10.1/stm32cubeide/plugins/com.st.stm32cube.ide.mcu.externaltools.gnu-tools-for-stm32.10.3-2021.10.win32_1.0.0.202111181127/tools/bin/../lib/gcc/arm-none-eabi/10.3.1/../../../../arm-none-eabi/lib/thumb/v7e-m+fp/hard\libc_nano.a(lib_a-signal.o)
                0x00000000080028a4                _raise_r
 .text.raise    0x00000000080028f4       0x10 d:/embedded/stm32cubeide_1.10.1/stm32cubeide/plugins/com.st.stm32cube.ide.mcu.externaltools.gnu-tools-for-stm32.10.3-2021.10.win32_1.0.0.202111181127/tools/bin/../lib/gcc/arm-none-eabi/10.3.1/../../../../arm-none-eabi/lib/thumb/v7e-m+fp/hard\libc_nano.a(lib_a-signal.o)
                0x00000000080028f4                raise
 .text._kill_r  0x0000000008002904       0x24 d:/embedded/stm32cubeide_1.10.1/stm32cubeide/plugins/com.st.stm32cube.ide.mcu.externaltools.gnu-tools-for-stm32.10.3-2021.10.win32_1.0.0.202111181127/tools/bin/../lib/gcc/arm-none-eabi/10.3.1/../../../../arm-none-eabi/lib/thumb/v7e-m+fp/hard\libc_nano.a(lib_a-signalr.o)
                0x0000000008002904                _kill_r
 .text._getpid_r
                0x0000000008002928        0x4 d:/embedded/stm32cubeide_1.10.1/stm32cubeide/plugins/com.st.stm32cube.ide.mcu.externaltools.gnu-tools-for-stm32.10.3-2021.10.win32_1.0.0.202111181127/tools/bin/../lib/gcc/arm-none-eabi/10.3.1/../../../../arm-none-eabi/lib/thumb/v7e-m+fp/hard\libc_nano.a(lib_a-signalr.o)
                0x0000000008002928                _getpid_r
 .text.__malloc_lock
                0x000000000800292c        0xc d:/embedded/stm32cubeide_1.10.1/stm32cubeide/plugins/com.st.stm32cube.ide.mcu.externaltools.gnu-tools-for-stm32.10.3-2021.10.win32_1.0.0.202111181127/tools/bin/../lib/gcc/arm-none-eabi/10.3.1/../../../../arm-none-eabi/lib/thumb/v7e-m+fp/hard\libc_nano.a(lib_a-mlock.o)
                0x000000000800292c                __malloc_lock
 .text.__malloc_unlock
                0x0000000008002938        0xc d:/embedded/stm32cubeide_1.10.1/stm32cubeide/plugins/com.st.stm32cube.ide.mcu.externaltools.gnu-tools-for-stm32.10.3-2021.10.win32_1.0.0.202111181127/tools/bin/../lib/gcc/arm-none-eabi/10.3.1/../../../../arm-none-eabi/lib/thumb/v7e-m+fp/hard\libc_nano.a(lib_a-mlock.o)
                0x0000000008002938                __malloc_unlock
 .text.__retarget_lock_acquire_recursive
                0x0000000008002944        0x2 d:/embedded/stm32cubeide_1.10.1/stm32cubeide/plugins/com.st.stm32cube.ide.mcu.externaltools.gnu-tools-for-stm32.10.3-2021.10.win32_1.0.0.202111181127/tools/bin/../lib/gcc/arm-none-eabi/10.3.1/../../../../arm-none-eabi/lib/thumb/v7e-m+fp/hard\libc_nano.a(lib_a-lock.o)
                0x0000000008002944                __retarget_lock_acquire_recursive
 .text.__retarget_lock_release_recursive
                0x0000000008002946        0x2 d:/embedded/stm32cubeide_1.10.1/stm32cubeide/plugins/com.st.stm32cube.ide.mcu.externaltools.gnu-tools-for-stm32.10.3-2021.10.win32_1.0.0.202111181127/tools/bin/../lib/gcc/arm-none-eabi/10.3.1/../../../../arm-none-eabi/lib/thumb/v7e-m+fp/hard\libc_nano.a(lib_a-lock.o)
                0x0000000008002946                __retarget_lock_release_recursive
 *(.glue_7)
 .glue_7        0x0000000008002948        0x0 linker stubs
 *(.glue_7t)
 .glue_7t       0x0000000008002948        0x0 linker stubs
 *(.eh_frame)
 .eh_frame      0x0000000008002948        0x0 d:/embedded/stm32cubeide_1.10.1/stm32cubeide/plugins/com.st.stm32cube.ide.mcu.externaltools.gnu-tools-for-stm32.10.3-2021.10.win32_1.0.0.202111181127/tools/bin/../lib/gcc/arm-none-eabi/10.3.1/thumb/v7e-m+fp/hard/crtbegin.o
 *(.init)
 .init          0x0000000008002948        0x4 d:/embedded/stm32cubeide_1.10.1/stm32cubeide/plugins/com.st.stm32cube.ide.mcu.externaltools.gnu-tools-for-stm32.10.3-2021.10.win32_1.0.0.202111181127/tools/bin/../lib/gcc/arm-none-eabi/10.3.1/thumb/v7e-m+fp/hard/crti.o
                0x0000000008002948                _init
 .init          0x000000000800294c        0x8 d:/embedded/stm32cubeide_1.10.1/stm32cubeide/plugins/com.st.stm32cube.ide.mcu.externaltools.gnu-tools-for-stm32.10.3-2021.10.win32_1.0.0.202111181127/tools/bin/../lib/gcc/arm-none-eabi/10.3.1/thumb/v7e-m+fp/hard/crtn.o
 *(.fini)
 .fini          0x0000000008002954        0x4 d:/embedded/stm32cubeide_1.10.1/stm32cubeide/plugins/com.st.stm32cube.ide.mcu.externaltools.gnu-tools-for-stm32.10.3-2021.10.win32_1.0.0.202111181127/tools/bin/../lib/gcc/arm-none-eabi/10.3.1/thumb/v7e-m+fp/hard/crti.o
                0x0000000008002954                _fini
 .fini          0x0000000008002958        0x8 d:/embedded/stm32cubeide_1.10.1/stm32cubeide/plugins/com.st.stm32cube.ide.mcu.externaltools.gnu-tools-for-stm32.10.3-2021.10.win32_1.0.0.202111181127/tools/bin/../lib/gcc/arm-none-eabi/10.3.1/thumb/v7e-m+fp/hard/crtn.o
                0x0000000008002960                . = ALIGN (0x4)
                0x0000000008002960                _etext = .

.vfp11_veneer   0x0000000008002960        0x0
 .vfp11_veneer  0x0000000008002960        0x0 linker stubs

.v4_bx          0x0000000008002960        0x0
 .v4_bx         0x0000000008002960        0x0 linker stubs

.iplt           0x0000000008002960        0x0
 .iplt          0x0000000008002960        0x0 d:/embedded/stm32cubeide_1.10.1/stm32cubeide/plugins/com.st.stm32cube.ide.mcu.externaltools.gnu-tools-for-stm32.10.3-2021.10.win32_1.0.0.202111181127/tools/bin/../lib/gcc/arm-none-eabi/10.3.1/thumb/v7e-m+fp/hard/crtbegin.o

.rodata         0x0000000008002960       0x3c
                0x0000000008002960                . = ALIGN (0x4)
 *(.rodata)
 *(.rodata*)
 .rodata._ZTV14ADC7828_Device
                0x0000000008002960       0x14 ./Core/Src/ADC_Device.o
                0x0000000008002960                vtable for ADC7828_Device
 .rodata._ZTV15Max30205_Device
                0x0000000008002974       0x14 ./Core/Src/MaxDevice.o
                0x0000000008002974                vtable for Max30205_Device
 .rodata._ZTV16DevicesInterface
                0x0000000008002988       0x14 ./Core/Src/main.o
                0x0000000008002988                vtable for DevicesInterface
                0x000000000800299c                . = ALIGN (0x4)

.rel.dyn        0x000000000800299c        0x0
 .rel.iplt      0x000000000800299c        0x0 d:/embedded/stm32cubeide_1.10.1/stm32cubeide/plugins/com.st.stm32cube.ide.mcu.externaltools.gnu-tools-for-stm32.10.3-2021.10.win32_1.0.0.202111181127/tools/bin/../lib/gcc/arm-none-eabi/10.3.1/thumb/v7e-m+fp/hard/crtbegin.o

.ARM.extab      0x000000000800299c        0x0
                0x000000000800299c                . = ALIGN (0x4)
 *(.ARM.extab* .gnu.linkonce.armextab.*)
                0x000000000800299c                . = ALIGN (0x4)

.ARM            0x000000000800299c        0x0
                0x000000000800299c                . = ALIGN (0x4)
                0x000000000800299c                __exidx_start = .
 *(.ARM.exidx*)
                0x000000000800299c                __exidx_end = .
                0x000000000800299c                . = ALIGN (0x4)

.preinit_array  0x000000000800299c        0x0
                0x000000000800299c                . = ALIGN (0x4)
                0x000000000800299c                PROVIDE (__preinit_array_start = .)
 *(.preinit_array*)
                0x000000000800299c                PROVIDE (__preinit_array_end = .)
                0x000000000800299c                . = ALIGN (0x4)

.init_array     0x000000000800299c        0x4
                0x000000000800299c                . = ALIGN (0x4)
                0x000000000800299c                PROVIDE (__init_array_start = .)
 *(SORT_BY_NAME(.init_array.*))
 *(.init_array*)
 .init_array    0x000000000800299c        0x4 d:/embedded/stm32cubeide_1.10.1/stm32cubeide/plugins/com.st.stm32cube.ide.mcu.externaltools.gnu-tools-for-stm32.10.3-2021.10.win32_1.0.0.202111181127/tools/bin/../lib/gcc/arm-none-eabi/10.3.1/thumb/v7e-m+fp/hard/crtbegin.o
                0x00000000080029a0                PROVIDE (__init_array_end = .)
                0x00000000080029a0                . = ALIGN (0x4)

.fini_array     0x00000000080029a0        0x4
                0x00000000080029a0                . = ALIGN (0x4)
                [!provide]                        PROVIDE (__fini_array_start = .)
 *(SORT_BY_NAME(.fini_array.*))
 *(.fini_array*)
 .fini_array    0x00000000080029a0        0x4 d:/embedded/stm32cubeide_1.10.1/stm32cubeide/plugins/com.st.stm32cube.ide.mcu.externaltools.gnu-tools-for-stm32.10.3-2021.10.win32_1.0.0.202111181127/tools/bin/../lib/gcc/arm-none-eabi/10.3.1/thumb/v7e-m+fp/hard/crtbegin.o
                [!provide]                        PROVIDE (__fini_array_end = .)
                0x00000000080029a4                . = ALIGN (0x4)
                0x00000000080029a4                _sidata = LOADADDR (.data)

.data           0x0000000020000000       0x78 load address 0x00000000080029a4
                0x0000000020000000                . = ALIGN (0x4)
                0x0000000020000000                _sdata = .
 *(.data)
 *(.data*)
 .data.pinReg   0x0000000020000000        0x2 ./Core/Src/main.o
                0x0000000020000000                pinReg
 *fill*         0x0000000020000002        0x2 
 .data.SystemCoreClock
                0x0000000020000004        0x4 ./Core/Src/system_stm32f4xx.o
                0x0000000020000004                SystemCoreClock
 .data.uwTickPrio
                0x0000000020000008        0x4 ./Drivers/STM32F4xx_HAL_Driver/Src/stm32f4xx_hal.o
                0x0000000020000008                uwTickPrio
 .data.uwTickFreq
                0x000000002000000c        0x1 ./Drivers/STM32F4xx_HAL_Driver/Src/stm32f4xx_hal.o
                0x000000002000000c                uwTickFreq
 *fill*         0x000000002000000d        0x3 
 .data._ZN10__cxxabiv119__terminate_handlerE
                0x0000000020000010        0x4 d:/embedded/stm32cubeide_1.10.1/stm32cubeide/plugins/com.st.stm32cube.ide.mcu.externaltools.gnu-tools-for-stm32.10.3-2021.10.win32_1.0.0.202111181127/tools/bin/../lib/gcc/arm-none-eabi/10.3.1/../../../../arm-none-eabi/lib/thumb/v7e-m+fp/hard\libstdc++_nano.a(eh_term_handler.o)
                0x0000000020000010                __cxxabiv1::__terminate_handler
 .data._impure_ptr
                0x0000000020000014        0x4 d:/embedded/stm32cubeide_1.10.1/stm32cubeide/plugins/com.st.stm32cube.ide.mcu.externaltools.gnu-tools-for-stm32.10.3-2021.10.win32_1.0.0.202111181127/tools/bin/../lib/gcc/arm-none-eabi/10.3.1/../../../../arm-none-eabi/lib/thumb/v7e-m+fp/hard\libc_nano.a(lib_a-impure.o)
                0x0000000020000014                _impure_ptr
 .data.impure_data
                0x0000000020000018       0x60 d:/embedded/stm32cubeide_1.10.1/stm32cubeide/plugins/com.st.stm32cube.ide.mcu.externaltools.gnu-tools-for-stm32.10.3-2021.10.win32_1.0.0.202111181127/tools/bin/../lib/gcc/arm-none-eabi/10.3.1/../../../../arm-none-eabi/lib/thumb/v7e-m+fp/hard\libc_nano.a(lib_a-impure.o)
 *(.RamFunc)
 *(.RamFunc*)
                0x0000000020000078                . = ALIGN (0x4)
                0x0000000020000078                _edata = .
                0x0000000008002a1c                _siccmram = LOADADDR (.ccmram)

.igot.plt       0x0000000020000078        0x0 load address 0x0000000008002a1c
 .igot.plt      0x0000000020000078        0x0 d:/embedded/stm32cubeide_1.10.1/stm32cubeide/plugins/com.st.stm32cube.ide.mcu.externaltools.gnu-tools-for-stm32.10.3-2021.10.win32_1.0.0.202111181127/tools/bin/../lib/gcc/arm-none-eabi/10.3.1/thumb/v7e-m+fp/hard/crtbegin.o

.ccmram         0x0000000010000000        0x0 load address 0x0000000008002a1c
                0x0000000010000000                . = ALIGN (0x4)
                0x0000000010000000                _sccmram = .
 *(.ccmram)
 *(.ccmram*)
                0x0000000010000000                . = ALIGN (0x4)
                0x0000000010000000                _eccmram = .
                0x0000000010000000                . = ALIGN (0x4)

.bss            0x0000000020000078       0x38
                0x0000000020000078                _sbss = .
                0x0000000020000078                __bss_start__ = _sbss
 *(.bss)
 .bss           0x0000000020000078       0x1c d:/embedded/stm32cubeide_1.10.1/stm32cubeide/plugins/com.st.stm32cube.ide.mcu.externaltools.gnu-tools-for-stm32.10.3-2021.10.win32_1.0.0.202111181127/tools/bin/../lib/gcc/arm-none-eabi/10.3.1/thumb/v7e-m+fp/hard/crtbegin.o
 *(.bss*)
 .bss.__sbrk_heap_end
                0x0000000020000094        0x4 ./Core/Src/sysmem.o
 .bss.uwTick    0x0000000020000098        0x4 ./Drivers/STM32F4xx_HAL_Driver/Src/stm32f4xx_hal.o
                0x0000000020000098                uwTick
 .bss._ZN12_GLOBAL__N_113__new_handlerE
                0x000000002000009c        0x4 d:/embedded/stm32cubeide_1.10.1/stm32cubeide/plugins/com.st.stm32cube.ide.mcu.externaltools.gnu-tools-for-stm32.10.3-2021.10.win32_1.0.0.202111181127/tools/bin/../lib/gcc/arm-none-eabi/10.3.1/../../../../arm-none-eabi/lib/thumb/v7e-m+fp/hard\libstdc++_nano.a(new_handler.o)
 .bss.__malloc_free_list
                0x00000000200000a0        0x4 d:/embedded/stm32cubeide_1.10.1/stm32cubeide/plugins/com.st.stm32cube.ide.mcu.externaltools.gnu-tools-for-stm32.10.3-2021.10.win32_1.0.0.202111181127/tools/bin/../lib/gcc/arm-none-eabi/10.3.1/../../../../arm-none-eabi/lib/thumb/v7e-m+fp/hard\libc_nano.a(lib_a-nano-mallocr.o)
                0x00000000200000a0                __malloc_free_list
 .bss.__malloc_sbrk_start
                0x00000000200000a4        0x4 d:/embedded/stm32cubeide_1.10.1/stm32cubeide/plugins/com.st.stm32cube.ide.mcu.externaltools.gnu-tools-for-stm32.10.3-2021.10.win32_1.0.0.202111181127/tools/bin/../lib/gcc/arm-none-eabi/10.3.1/../../../../arm-none-eabi/lib/thumb/v7e-m+fp/hard\libc_nano.a(lib_a-nano-mallocr.o)
                0x00000000200000a4                __malloc_sbrk_start
 .bss.errno     0x00000000200000a8        0x4 d:/embedded/stm32cubeide_1.10.1/stm32cubeide/plugins/com.st.stm32cube.ide.mcu.externaltools.gnu-tools-for-stm32.10.3-2021.10.win32_1.0.0.202111181127/tools/bin/../lib/gcc/arm-none-eabi/10.3.1/../../../../arm-none-eabi/lib/thumb/v7e-m+fp/hard\libc_nano.a(lib_a-reent.o)
                0x00000000200000a8                errno
 .bss.__lock___malloc_recursive_mutex
                0x00000000200000ac        0x1 d:/embedded/stm32cubeide_1.10.1/stm32cubeide/plugins/com.st.stm32cube.ide.mcu.externaltools.gnu-tools-for-stm32.10.3-2021.10.win32_1.0.0.202111181127/tools/bin/../lib/gcc/arm-none-eabi/10.3.1/../../../../arm-none-eabi/lib/thumb/v7e-m+fp/hard\libc_nano.a(lib_a-lock.o)
                0x00000000200000ac                __lock___malloc_recursive_mutex
 *(COMMON)
                0x00000000200000b0                . = ALIGN (0x4)
 *fill*         0x00000000200000ad        0x3 
                0x00000000200000b0                _ebss = .
                0x00000000200000b0                __bss_end__ = _ebss

._user_heap_stack
                0x00000000200000b0      0x600
                0x00000000200000b0                . = ALIGN (0x8)
                [!provide]                        PROVIDE (end = .)
                0x00000000200000b0                PROVIDE (_end = .)
                0x00000000200002b0                . = (. + _Min_Heap_Size)
 *fill*         0x00000000200000b0      0x200 
                0x00000000200006b0                . = (. + _Min_Stack_Size)
 *fill*         0x00000000200002b0      0x400 
                0x00000000200006b0                . = ALIGN (0x8)

/DISCARD/
 libc.a(*)
 libm.a(*)
 libgcc.a(*)

.ARM.attributes
                0x0000000000000000       0x30
 *(.ARM.attributes)
 .ARM.attributes
                0x0000000000000000       0x1e d:/embedded/stm32cubeide_1.10.1/stm32cubeide/plugins/com.st.stm32cube.ide.mcu.externaltools.gnu-tools-for-stm32.10.3-2021.10.win32_1.0.0.202111181127/tools/bin/../lib/gcc/arm-none-eabi/10.3.1/thumb/v7e-m+fp/hard/crti.o
 .ARM.attributes
                0x000000000000001e       0x34 d:/embedded/stm32cubeide_1.10.1/stm32cubeide/plugins/com.st.stm32cube.ide.mcu.externaltools.gnu-tools-for-stm32.10.3-2021.10.win32_1.0.0.202111181127/tools/bin/../lib/gcc/arm-none-eabi/10.3.1/thumb/v7e-m+fp/hard/crtbegin.o
 .ARM.attributes
                0x0000000000000052       0x34 ./Core/Src/ADC_Device.o
 .ARM.attributes
                0x0000000000000086       0x34 ./Core/Src/MaxDevice.o
 .ARM.attributes
                0x00000000000000ba       0x34 ./Core/Src/main.o
 .ARM.attributes
                0x00000000000000ee       0x34 ./Core/Src/stm32f4xx_hal_msp.o
 .ARM.attributes
                0x0000000000000122       0x34 ./Core/Src/stm32f4xx_it.o
 .ARM.attributes
                0x0000000000000156       0x34 ./Core/Src/syscalls.o
 .ARM.attributes
                0x000000000000018a       0x34 ./Core/Src/sysmem.o
 .ARM.attributes
                0x00000000000001be       0x34 ./Core/Src/system_stm32f4xx.o
 .ARM.attributes
                0x00000000000001f2       0x21 ./Core/Startup/startup_stm32f407vgtx.o
 .ARM.attributes
                0x0000000000000213       0x34 ./Drivers/STM32F4xx_HAL_Driver/Src/stm32f4xx_hal.o
 .ARM.attributes
                0x0000000000000247       0x34 ./Drivers/STM32F4xx_HAL_Driver/Src/stm32f4xx_hal_cortex.o
 .ARM.attributes
                0x000000000000027b       0x34 ./Drivers/STM32F4xx_HAL_Driver/Src/stm32f4xx_hal_gpio.o
 .ARM.attributes
                0x00000000000002af       0x34 ./Drivers/STM32F4xx_HAL_Driver/Src/stm32f4xx_hal_i2c.o
 .ARM.attributes
                0x00000000000002e3       0x34 d:/embedded/stm32cubeide_1.10.1/stm32cubeide/plugins/com.st.stm32cube.ide.mcu.externaltools.gnu-tools-for-stm32.10.3-2021.10.win32_1.0.0.202111181127/tools/bin/../lib/gcc/arm-none-eabi/10.3.1/../../../../arm-none-eabi/lib/thumb/v7e-m+fp/hard\libstdc++_nano.a(new_op.o)
 .ARM.attributes
                0x0000000000000317       0x34 d:/embedded/stm32cubeide_1.10.1/stm32cubeide/plugins/com.st.stm32cube.ide.mcu.externaltools.gnu-tools-for-stm32.10.3-2021.10.win32_1.0.0.202111181127/tools/bin/../lib/gcc/arm-none-eabi/10.3.1/../../../../arm-none-eabi/lib/thumb/v7e-m+fp/hard\libstdc++_nano.a(pure.o)
 .ARM.attributes
                0x000000000000034b       0x34 d:/embedded/stm32cubeide_1.10.1/stm32cubeide/plugins/com.st.stm32cube.ide.mcu.externaltools.gnu-tools-for-stm32.10.3-2021.10.win32_1.0.0.202111181127/tools/bin/../lib/gcc/arm-none-eabi/10.3.1/../../../../arm-none-eabi/lib/thumb/v7e-m+fp/hard\libstdc++_nano.a(eh_terminate.o)
 .ARM.attributes
                0x000000000000037f       0x34 d:/embedded/stm32cubeide_1.10.1/stm32cubeide/plugins/com.st.stm32cube.ide.mcu.externaltools.gnu-tools-for-stm32.10.3-2021.10.win32_1.0.0.202111181127/tools/bin/../lib/gcc/arm-none-eabi/10.3.1/../../../../arm-none-eabi/lib/thumb/v7e-m+fp/hard\libstdc++_nano.a(new_handler.o)
 .ARM.attributes
                0x00000000000003b3       0x34 d:/embedded/stm32cubeide_1.10.1/stm32cubeide/plugins/com.st.stm32cube.ide.mcu.externaltools.gnu-tools-for-stm32.10.3-2021.10.win32_1.0.0.202111181127/tools/bin/../lib/gcc/arm-none-eabi/10.3.1/../../../../arm-none-eabi/lib/thumb/v7e-m+fp/hard\libstdc++_nano.a(eh_term_handler.o)
 .ARM.attributes
                0x00000000000003e7       0x34 d:/embedded/stm32cubeide_1.10.1/stm32cubeide/plugins/com.st.stm32cube.ide.mcu.externaltools.gnu-tools-for-stm32.10.3-2021.10.win32_1.0.0.202111181127/tools/bin/../lib/gcc/arm-none-eabi/10.3.1/../../../../arm-none-eabi/lib/thumb/v7e-m+fp/hard\libc_nano.a(lib_a-abort.o)
 .ARM.attributes
                0x000000000000041b       0x34 d:/embedded/stm32cubeide_1.10.1/stm32cubeide/plugins/com.st.stm32cube.ide.mcu.externaltools.gnu-tools-for-stm32.10.3-2021.10.win32_1.0.0.202111181127/tools/bin/../lib/gcc/arm-none-eabi/10.3.1/../../../../arm-none-eabi/lib/thumb/v7e-m+fp/hard\libc_nano.a(lib_a-errno.o)
 .ARM.attributes
                0x000000000000044f       0x34 d:/embedded/stm32cubeide_1.10.1/stm32cubeide/plugins/com.st.stm32cube.ide.mcu.externaltools.gnu-tools-for-stm32.10.3-2021.10.win32_1.0.0.202111181127/tools/bin/../lib/gcc/arm-none-eabi/10.3.1/../../../../arm-none-eabi/lib/thumb/v7e-m+fp/hard\libc_nano.a(lib_a-impure.o)
 .ARM.attributes
                0x0000000000000483       0x34 d:/embedded/stm32cubeide_1.10.1/stm32cubeide/plugins/com.st.stm32cube.ide.mcu.externaltools.gnu-tools-for-stm32.10.3-2021.10.win32_1.0.0.202111181127/tools/bin/../lib/gcc/arm-none-eabi/10.3.1/../../../../arm-none-eabi/lib/thumb/v7e-m+fp/hard\libc_nano.a(lib_a-init.o)
 .ARM.attributes
                0x00000000000004b7       0x34 d:/embedded/stm32cubeide_1.10.1/stm32cubeide/plugins/com.st.stm32cube.ide.mcu.externaltools.gnu-tools-for-stm32.10.3-2021.10.win32_1.0.0.202111181127/tools/bin/../lib/gcc/arm-none-eabi/10.3.1/../../../../arm-none-eabi/lib/thumb/v7e-m+fp/hard\libc_nano.a(lib_a-malloc.o)
 .ARM.attributes
                0x00000000000004eb       0x34 d:/embedded/stm32cubeide_1.10.1/stm32cubeide/plugins/com.st.stm32cube.ide.mcu.externaltools.gnu-tools-for-stm32.10.3-2021.10.win32_1.0.0.202111181127/tools/bin/../lib/gcc/arm-none-eabi/10.3.1/../../../../arm-none-eabi/lib/thumb/v7e-m+fp/hard\libc_nano.a(lib_a-nano-mallocr.o)
 .ARM.attributes
                0x000000000000051f       0x34 d:/embedded/stm32cubeide_1.10.1/stm32cubeide/plugins/com.st.stm32cube.ide.mcu.externaltools.gnu-tools-for-stm32.10.3-2021.10.win32_1.0.0.202111181127/tools/bin/../lib/gcc/arm-none-eabi/10.3.1/../../../../arm-none-eabi/lib/thumb/v7e-m+fp/hard\libc_nano.a(lib_a-sbrkr.o)
 .ARM.attributes
                0x0000000000000553       0x34 d:/embedded/stm32cubeide_1.10.1/stm32cubeide/plugins/com.st.stm32cube.ide.mcu.externaltools.gnu-tools-for-stm32.10.3-2021.10.win32_1.0.0.202111181127/tools/bin/../lib/gcc/arm-none-eabi/10.3.1/../../../../arm-none-eabi/lib/thumb/v7e-m+fp/hard\libc_nano.a(lib_a-signal.o)
 .ARM.attributes
                0x0000000000000587       0x34 d:/embedded/stm32cubeide_1.10.1/stm32cubeide/plugins/com.st.stm32cube.ide.mcu.externaltools.gnu-tools-for-stm32.10.3-2021.10.win32_1.0.0.202111181127/tools/bin/../lib/gcc/arm-none-eabi/10.3.1/../../../../arm-none-eabi/lib/thumb/v7e-m+fp/hard\libc_nano.a(lib_a-signalr.o)
 .ARM.attributes
                0x00000000000005bb       0x34 d:/embedded/stm32cubeide_1.10.1/stm32cubeide/plugins/com.st.stm32cube.ide.mcu.externaltools.gnu-tools-for-stm32.10.3-2021.10.win32_1.0.0.202111181127/tools/bin/../lib/gcc/arm-none-eabi/10.3.1/../../../../arm-none-eabi/lib/thumb/v7e-m+fp/hard\libc_nano.a(lib_a-mlock.o)
 .ARM.attributes
                0x00000000000005ef       0x34 d:/embedded/stm32cubeide_1.10.1/stm32cubeide/plugins/com.st.stm32cube.ide.mcu.externaltools.gnu-tools-for-stm32.10.3-2021.10.win32_1.0.0.202111181127/tools/bin/../lib/gcc/arm-none-eabi/10.3.1/../../../../arm-none-eabi/lib/thumb/v7e-m+fp/hard\libc_nano.a(lib_a-reent.o)
 .ARM.attributes
                0x0000000000000623       0x34 d:/embedded/stm32cubeide_1.10.1/stm32cubeide/plugins/com.st.stm32cube.ide.mcu.externaltools.gnu-tools-for-stm32.10.3-2021.10.win32_1.0.0.202111181127/tools/bin/../lib/gcc/arm-none-eabi/10.3.1/../../../../arm-none-eabi/lib/thumb/v7e-m+fp/hard\libc_nano.a(lib_a-lock.o)
 .ARM.attributes
                0x0000000000000657       0x1e d:/embedded/stm32cubeide_1.10.1/stm32cubeide/plugins/com.st.stm32cube.ide.mcu.externaltools.gnu-tools-for-stm32.10.3-2021.10.win32_1.0.0.202111181127/tools/bin/../lib/gcc/arm-none-eabi/10.3.1/thumb/v7e-m+fp/hard\libgcc.a(_arm_muldf3.o)
 .ARM.attributes
                0x0000000000000675       0x1e d:/embedded/stm32cubeide_1.10.1/stm32cubeide/plugins/com.st.stm32cube.ide.mcu.externaltools.gnu-tools-for-stm32.10.3-2021.10.win32_1.0.0.202111181127/tools/bin/../lib/gcc/arm-none-eabi/10.3.1/thumb/v7e-m+fp/hard\libgcc.a(_arm_addsubdf3.o)
 .ARM.attributes
                0x0000000000000693       0x1e d:/embedded/stm32cubeide_1.10.1/stm32cubeide/plugins/com.st.stm32cube.ide.mcu.externaltools.gnu-tools-for-stm32.10.3-2021.10.win32_1.0.0.202111181127/tools/bin/../lib/gcc/arm-none-eabi/10.3.1/thumb/v7e-m+fp/hard\libgcc.a(_arm_truncdfsf2.o)
 .ARM.attributes
                0x00000000000006b1       0x1e d:/embedded/stm32cubeide_1.10.1/stm32cubeide/plugins/com.st.stm32cube.ide.mcu.externaltools.gnu-tools-for-stm32.10.3-2021.10.win32_1.0.0.202111181127/tools/bin/../lib/gcc/arm-none-eabi/10.3.1/thumb/v7e-m+fp/hard/crtn.o
OUTPUT(I2C.elf elf32-littlearm)
LOAD linker stubs
LOAD d:/embedded/stm32cubeide_1.10.1/stm32cubeide/plugins/com.st.stm32cube.ide.mcu.externaltools.gnu-tools-for-stm32.10.3-2021.10.win32_1.0.0.202111181127/tools/bin/../lib/gcc/arm-none-eabi/10.3.1/../../../../arm-none-eabi/lib/thumb/v7e-m+fp/hard\libc.a
LOAD d:/embedded/stm32cubeide_1.10.1/stm32cubeide/plugins/com.st.stm32cube.ide.mcu.externaltools.gnu-tools-for-stm32.10.3-2021.10.win32_1.0.0.202111181127/tools/bin/../lib/gcc/arm-none-eabi/10.3.1/../../../../arm-none-eabi/lib/thumb/v7e-m+fp/hard\libm.a
LOAD d:/embedded/stm32cubeide_1.10.1/stm32cubeide/plugins/com.st.stm32cube.ide.mcu.externaltools.gnu-tools-for-stm32.10.3-2021.10.win32_1.0.0.202111181127/tools/bin/../lib/gcc/arm-none-eabi/10.3.1/thumb/v7e-m+fp/hard\libgcc.a

.debug_info     0x0000000000000000     0x8497
 .debug_info    0x0000000000000000      0xd09 ./Core/Src/ADC_Device.o
 .debug_info    0x0000000000000d09      0xc53 ./Core/Src/MaxDevice.o
 .debug_info    0x000000000000195c      0xd8e ./Core/Src/main.o
 .debug_info    0x00000000000026ea      0x9ec ./Core/Src/stm32f4xx_hal_msp.o
 .debug_info    0x00000000000030d6      0x121 ./Core/Src/stm32f4xx_it.o
 .debug_info    0x00000000000031f7      0x6e0 ./Core/Src/syscalls.o
 .debug_info    0x00000000000038d7      0x171 ./Core/Src/sysmem.o
 .debug_info    0x0000000000003a48      0x523 ./Core/Src/system_stm32f4xx.o
 .debug_info    0x0000000000003f6b       0x22 ./Core/Startup/startup_stm32f407vgtx.o
 .debug_info    0x0000000000003f8d      0x97c ./Drivers/STM32F4xx_HAL_Driver/Src/stm32f4xx_hal.o
 .debug_info    0x0000000000004909      0xe1b ./Drivers/STM32F4xx_HAL_Driver/Src/stm32f4xx_hal_cortex.o
 .debug_info    0x0000000000005724      0x76a ./Drivers/STM32F4xx_HAL_Driver/Src/stm32f4xx_hal_gpio.o
 .debug_info    0x0000000000005e8e     0x2609 ./Drivers/STM32F4xx_HAL_Driver/Src/stm32f4xx_hal_i2c.o

.debug_abbrev   0x0000000000000000     0x18b5
 .debug_abbrev  0x0000000000000000      0x2de ./Core/Src/ADC_Device.o
 .debug_abbrev  0x00000000000002de      0x2c5 ./Core/Src/MaxDevice.o
 .debug_abbrev  0x00000000000005a3      0x3e1 ./Core/Src/main.o
 .debug_abbrev  0x0000000000000984      0x1a9 ./Core/Src/stm32f4xx_hal_msp.o
 .debug_abbrev  0x0000000000000b2d       0x74 ./Core/Src/stm32f4xx_it.o
 .debug_abbrev  0x0000000000000ba1      0x1b3 ./Core/Src/syscalls.o
 .debug_abbrev  0x0000000000000d54       0xbb ./Core/Src/sysmem.o
 .debug_abbrev  0x0000000000000e0f      0x116 ./Core/Src/system_stm32f4xx.o
 .debug_abbrev  0x0000000000000f25       0x12 ./Core/Startup/startup_stm32f407vgtx.o
 .debug_abbrev  0x0000000000000f37      0x20d ./Drivers/STM32F4xx_HAL_Driver/Src/stm32f4xx_hal.o
 .debug_abbrev  0x0000000000001144      0x316 ./Drivers/STM32F4xx_HAL_Driver/Src/stm32f4xx_hal_cortex.o
 .debug_abbrev  0x000000000000145a      0x1c4 ./Drivers/STM32F4xx_HAL_Driver/Src/stm32f4xx_hal_gpio.o
 .debug_abbrev  0x000000000000161e      0x297 ./Drivers/STM32F4xx_HAL_Driver/Src/stm32f4xx_hal_i2c.o

.debug_aranges  0x0000000000000000      0x770
 .debug_aranges
                0x0000000000000000       0x40 ./Core/Src/ADC_Device.o
 .debug_aranges
                0x0000000000000040       0x38 ./Core/Src/MaxDevice.o
 .debug_aranges
                0x0000000000000078       0x50 ./Core/Src/main.o
 .debug_aranges
                0x00000000000000c8       0x30 ./Core/Src/stm32f4xx_hal_msp.o
 .debug_aranges
                0x00000000000000f8       0x60 ./Core/Src/stm32f4xx_it.o
 .debug_aranges
                0x0000000000000158       0xa8 ./Core/Src/syscalls.o
 .debug_aranges
                0x0000000000000200       0x20 ./Core/Src/sysmem.o
 .debug_aranges
                0x0000000000000220       0x28 ./Core/Src/system_stm32f4xx.o
 .debug_aranges
                0x0000000000000248       0x28 ./Core/Startup/startup_stm32f407vgtx.o
 .debug_aranges
                0x0000000000000270       0xf0 ./Drivers/STM32F4xx_HAL_Driver/Src/stm32f4xx_hal.o
 .debug_aranges
                0x0000000000000360      0x118 ./Drivers/STM32F4xx_HAL_Driver/Src/stm32f4xx_hal_cortex.o
 .debug_aranges
                0x0000000000000478       0x58 ./Drivers/STM32F4xx_HAL_Driver/Src/stm32f4xx_hal_gpio.o
 .debug_aranges
                0x00000000000004d0      0x2a0 ./Drivers/STM32F4xx_HAL_Driver/Src/stm32f4xx_hal_i2c.o

.debug_ranges   0x0000000000000000      0x6c0
 .debug_ranges  0x0000000000000000       0x30 ./Core/Src/ADC_Device.o
 .debug_ranges  0x0000000000000030       0x28 ./Core/Src/MaxDevice.o
 .debug_ranges  0x0000000000000058       0x40 ./Core/Src/main.o
 .debug_ranges  0x0000000000000098       0x20 ./Core/Src/stm32f4xx_hal_msp.o
 .debug_ranges  0x00000000000000b8       0x50 ./Core/Src/stm32f4xx_it.o
 .debug_ranges  0x0000000000000108       0x98 ./Core/Src/syscalls.o
 .debug_ranges  0x00000000000001a0       0x10 ./Core/Src/sysmem.o
 .debug_ranges  0x00000000000001b0       0x18 ./Core/Src/system_stm32f4xx.o
 .debug_ranges  0x00000000000001c8       0x20 ./Core/Startup/startup_stm32f407vgtx.o
 .debug_ranges  0x00000000000001e8       0xe0 ./Drivers/STM32F4xx_HAL_Driver/Src/stm32f4xx_hal.o
 .debug_ranges  0x00000000000002c8      0x108 ./Drivers/STM32F4xx_HAL_Driver/Src/stm32f4xx_hal_cortex.o
 .debug_ranges  0x00000000000003d0       0x48 ./Drivers/STM32F4xx_HAL_Driver/Src/stm32f4xx_hal_gpio.o
 .debug_ranges  0x0000000000000418      0x2a8 ./Drivers/STM32F4xx_HAL_Driver/Src/stm32f4xx_hal_i2c.o

.debug_macro    0x0000000000000000    0x23114
 .debug_macro   0x0000000000000000      0x217 ./Core/Src/ADC_Device.o
 .debug_macro   0x0000000000000217      0xb50 ./Core/Src/ADC_Device.o
 .debug_macro   0x0000000000000d67      0x295 ./Core/Src/ADC_Device.o
 .debug_macro   0x0000000000000ffc       0x2e ./Core/Src/ADC_Device.o
 .debug_macro   0x000000000000102a       0x2f ./Core/Src/ADC_Device.o
 .debug_macro   0x0000000000001059       0x1c ./Core/Src/ADC_Device.o
 .debug_macro   0x0000000000001075       0x22 ./Core/Src/ADC_Device.o
 .debug_macro   0x0000000000001097       0x8e ./Core/Src/ADC_Device.o
 .debug_macro   0x0000000000001125       0x51 ./Core/Src/ADC_Device.o
 .debug_macro   0x0000000000001176      0x103 ./Core/Src/ADC_Device.o
 .debug_macro   0x0000000000001279       0x6a ./Core/Src/ADC_Device.o
 .debug_macro   0x00000000000012e3      0x1df ./Core/Src/ADC_Device.o
 .debug_macro   0x00000000000014c2       0x1c ./Core/Src/ADC_Device.o
 .debug_macro   0x00000000000014de       0x22 ./Core/Src/ADC_Device.o
 .debug_macro   0x0000000000001500       0xd9 ./Core/Src/ADC_Device.o
 .debug_macro   0x00000000000015d9     0x102d ./Core/Src/ADC_Device.o
 .debug_macro   0x0000000000002606      0x11f ./Core/Src/ADC_Device.o
 .debug_macro   0x0000000000002725    0x15e82 ./Core/Src/ADC_Device.o
 .debug_macro   0x00000000000185a7       0x6d ./Core/Src/ADC_Device.o
 .debug_macro   0x0000000000018614     0x367e ./Core/Src/ADC_Device.o
 .debug_macro   0x000000000001bc92      0x17b ./Core/Src/ADC_Device.o
 .debug_macro   0x000000000001be0d       0x5c ./Core/Src/ADC_Device.o
 .debug_macro   0x000000000001be69      0x96b ./Core/Src/ADC_Device.o
 .debug_macro   0x000000000001c7d4      0x9fe ./Core/Src/ADC_Device.o
 .debug_macro   0x000000000001d1d2      0x115 ./Core/Src/ADC_Device.o
 .debug_macro   0x000000000001d2e7      0x13e ./Core/Src/ADC_Device.o
 .debug_macro   0x000000000001d425       0xa5 ./Core/Src/ADC_Device.o
 .debug_macro   0x000000000001d4ca      0x174 ./Core/Src/ADC_Device.o
 .debug_macro   0x000000000001d63e      0x287 ./Core/Src/ADC_Device.o
 .debug_macro   0x000000000001d8c5       0x5f ./Core/Src/ADC_Device.o
 .debug_macro   0x000000000001d924      0x236 ./Core/Src/ADC_Device.o
 .debug_macro   0x000000000001db5a      0x12c ./Core/Src/ADC_Device.o
 .debug_macro   0x000000000001dc86      0x21e ./Core/Src/ADC_Device.o
 .debug_macro   0x000000000001dea4       0x2e ./Core/Src/ADC_Device.o
 .debug_macro   0x000000000001ded2      0x1b5 ./Core/Src/ADC_Device.o
 .debug_macro   0x000000000001e087       0xd6 ./Core/Src/ADC_Device.o
 .debug_macro   0x000000000001e15d      0x11a ./Core/Src/ADC_Device.o
 .debug_macro   0x000000000001e277       0x7e ./Core/Src/ADC_Device.o
 .debug_macro   0x000000000001e2f5       0x89 ./Core/Src/ADC_Device.o
 .debug_macro   0x000000000001e37e      0x12d ./Core/Src/ADC_Device.o
 .debug_macro   0x000000000001e4ab      0x178 ./Core/Src/ADC_Device.o
 .debug_macro   0x000000000001e623      0x18a ./Core/Src/ADC_Device.o
 .debug_macro   0x000000000001e7ad       0x10 ./Core/Src/ADC_Device.o
 .debug_macro   0x000000000001e7bd      0x3d1 ./Core/Src/ADC_Device.o
 .debug_macro   0x000000000001eb8e      0x217 ./Core/Src/MaxDevice.o
 .debug_macro   0x000000000001eda5      0x223 ./Core/Src/main.o
 .debug_macro   0x000000000001efc8      0x1d9 ./Core/Src/stm32f4xx_hal_msp.o
 .debug_macro   0x000000000001f1a1      0xa78 ./Core/Src/stm32f4xx_hal_msp.o
 .debug_macro   0x000000000001fc19     0x102d ./Core/Src/stm32f4xx_hal_msp.o
 .debug_macro   0x0000000000020c46      0x174 ./Core/Src/stm32f4xx_hal_msp.o
 .debug_macro   0x0000000000020dba      0x1e3 ./Core/Src/stm32f4xx_it.o
 .debug_macro   0x0000000000020f9d      0x24c ./Core/Src/syscalls.o
 .debug_macro   0x00000000000211e9       0x4c ./Core/Src/syscalls.o
 .debug_macro   0x0000000000021235       0x1e ./Core/Src/syscalls.o
 .debug_macro   0x0000000000021253       0x94 ./Core/Src/syscalls.o
 .debug_macro   0x00000000000212e7       0x3c ./Core/Src/syscalls.o
 .debug_macro   0x0000000000021323       0x34 ./Core/Src/syscalls.o
 .debug_macro   0x0000000000021357       0x57 ./Core/Src/syscalls.o
 .debug_macro   0x00000000000213ae      0x341 ./Core/Src/syscalls.o
 .debug_macro   0x00000000000216ef       0x16 ./Core/Src/syscalls.o
 .debug_macro   0x0000000000021705       0x43 ./Core/Src/syscalls.o
 .debug_macro   0x0000000000021748       0x34 ./Core/Src/syscalls.o
 .debug_macro   0x000000000002177c       0x10 ./Core/Src/syscalls.o
 .debug_macro   0x000000000002178c       0x58 ./Core/Src/syscalls.o
 .debug_macro   0x00000000000217e4       0x71 ./Core/Src/syscalls.o
 .debug_macro   0x0000000000021855       0x1c ./Core/Src/syscalls.o
 .debug_macro   0x0000000000021871      0x12a ./Core/Src/syscalls.o
 .debug_macro   0x000000000002199b       0x10 ./Core/Src/syscalls.o
 .debug_macro   0x00000000000219ab       0x35 ./Core/Src/syscalls.o
 .debug_macro   0x00000000000219e0       0x10 ./Core/Src/syscalls.o
 .debug_macro   0x00000000000219f0       0x10 ./Core/Src/syscalls.o
 .debug_macro   0x0000000000021a00       0x10 ./Core/Src/syscalls.o
 .debug_macro   0x0000000000021a10       0x1c ./Core/Src/syscalls.o
 .debug_macro   0x0000000000021a2c       0x52 ./Core/Src/syscalls.o
 .debug_macro   0x0000000000021a7e       0x22 ./Core/Src/syscalls.o
 .debug_macro   0x0000000000021aa0       0x10 ./Core/Src/syscalls.o
 .debug_macro   0x0000000000021ab0       0x52 ./Core/Src/syscalls.o
 .debug_macro   0x0000000000021b02       0xd5 ./Core/Src/syscalls.o
 .debug_macro   0x0000000000021bd7       0x1c ./Core/Src/syscalls.o
 .debug_macro   0x0000000000021bf3       0x3d ./Core/Src/syscalls.o
 .debug_macro   0x0000000000021c30       0x35 ./Core/Src/syscalls.o
 .debug_macro   0x0000000000021c65      0x12c ./Core/Src/syscalls.o
 .debug_macro   0x0000000000021d91       0x16 ./Core/Src/syscalls.o
 .debug_macro   0x0000000000021da7       0x16 ./Core/Src/syscalls.o
 .debug_macro   0x0000000000021dbd       0x29 ./Core/Src/syscalls.o
 .debug_macro   0x0000000000021de6       0x10 ./Core/Src/syscalls.o
 .debug_macro   0x0000000000021df6      0x241 ./Core/Src/syscalls.o
 .debug_macro   0x0000000000022037       0x1c ./Core/Src/syscalls.o
 .debug_macro   0x0000000000022053       0x10 ./Core/Src/syscalls.o
 .debug_macro   0x0000000000022063       0x10 ./Core/Src/syscalls.o
 .debug_macro   0x0000000000022073       0x16 ./Core/Src/syscalls.o
 .debug_macro   0x0000000000022089      0x145 ./Core/Src/syscalls.o
 .debug_macro   0x00000000000221ce      0x189 ./Core/Src/syscalls.o
 .debug_macro   0x0000000000022357       0x16 ./Core/Src/syscalls.o
 .debug_macro   0x000000000002236d       0xce ./Core/Src/syscalls.o
 .debug_macro   0x000000000002243b       0xff ./Core/Src/sysmem.o
 .debug_macro   0x000000000002253a      0x23b ./Core/Src/sysmem.o
 .debug_macro   0x0000000000022775      0x1ca ./Core/Src/system_stm32f4xx.o
 .debug_macro   0x000000000002293f      0x22a ./Drivers/STM32F4xx_HAL_Driver/Src/stm32f4xx_hal.o
 .debug_macro   0x0000000000022b69      0x1ca ./Drivers/STM32F4xx_HAL_Driver/Src/stm32f4xx_hal_cortex.o
 .debug_macro   0x0000000000022d33      0x1d0 ./Drivers/STM32F4xx_HAL_Driver/Src/stm32f4xx_hal_gpio.o
 .debug_macro   0x0000000000022f03      0x211 ./Drivers/STM32F4xx_HAL_Driver/Src/stm32f4xx_hal_i2c.o

.debug_line     0x0000000000000000     0x9af6
 .debug_line    0x0000000000000000      0x99e ./Core/Src/ADC_Device.o
 .debug_line    0x000000000000099e      0x964 ./Core/Src/MaxDevice.o
 .debug_line    0x0000000000001302      0xa29 ./Core/Src/main.o
 .debug_line    0x0000000000001d2b      0x70a ./Core/Src/stm32f4xx_hal_msp.o
 .debug_line    0x0000000000002435      0x77e ./Core/Src/stm32f4xx_it.o
 .debug_line    0x0000000000002bb3      0x812 ./Core/Src/syscalls.o
 .debug_line    0x00000000000033c5      0x508 ./Core/Src/sysmem.o
 .debug_line    0x00000000000038cd      0x73d ./Core/Src/system_stm32f4xx.o
 .debug_line    0x000000000000400a       0x88 ./Core/Startup/startup_stm32f407vgtx.o
 .debug_line    0x0000000000004092      0x9a3 ./Drivers/STM32F4xx_HAL_Driver/Src/stm32f4xx_hal.o
 .debug_line    0x0000000000004a35      0xc52 ./Drivers/STM32F4xx_HAL_Driver/Src/stm32f4xx_hal_cortex.o
 .debug_line    0x0000000000005687      0xb17 ./Drivers/STM32F4xx_HAL_Driver/Src/stm32f4xx_hal_gpio.o
 .debug_line    0x000000000000619e     0x3958 ./Drivers/STM32F4xx_HAL_Driver/Src/stm32f4xx_hal_i2c.o

.debug_str      0x0000000000000000    0xc6278
 .debug_str     0x0000000000000000    0xbe923 ./Core/Src/ADC_Device.o
                                      0xbedbe (size before relaxing)
 .debug_str     0x00000000000be923      0x105 ./Core/Src/MaxDevice.o
                                      0xbed2c (size before relaxing)
 .debug_str     0x00000000000bea28      0x50d ./Core/Src/main.o
                                      0xbed25 (size before relaxing)
 .debug_str     0x00000000000bef35      0x2aa ./Core/Src/stm32f4xx_hal_msp.o
                                      0xbce81 (size before relaxing)
 .debug_str     0x00000000000bf1df       0xc9 ./Core/Src/stm32f4xx_it.o
                                      0xbc84c (size before relaxing)
 .debug_str     0x00000000000bf2a8     0x548f ./Core/Src/syscalls.o
                                       0x8a5e (size before relaxing)
 .debug_str     0x00000000000c4737       0x6b ./Core/Src/sysmem.o
                                       0x5d9a (size before relaxing)
 .debug_str     0x00000000000c47a2       0xdb ./Core/Src/system_stm32f4xx.o
                                      0xbc377 (size before relaxing)
 .debug_str     0x00000000000c487d       0x36 ./Core/Startup/startup_stm32f407vgtx.o
                                         0x5c (size before relaxing)
 .debug_str     0x00000000000c48b3      0xa77 ./Drivers/STM32F4xx_HAL_Driver/Src/stm32f4xx_hal.o
                                      0xbcefb (size before relaxing)
 .debug_str     0x00000000000c532a      0x34a ./Drivers/STM32F4xx_HAL_Driver/Src/stm32f4xx_hal_cortex.o
                                      0xbcc2e (size before relaxing)
 .debug_str     0x00000000000c5674      0x145 ./Drivers/STM32F4xx_HAL_Driver/Src/stm32f4xx_hal_gpio.o
                                      0xbc4f2 (size before relaxing)
 .debug_str     0x00000000000c57b9      0xabf ./Drivers/STM32F4xx_HAL_Driver/Src/stm32f4xx_hal_i2c.o
                                      0xbd342 (size before relaxing)

.comment        0x0000000000000000       0x50
 .comment       0x0000000000000000       0x50 ./Core/Src/ADC_Device.o
                                         0x51 (size before relaxing)
 .comment       0x0000000000000050       0x51 ./Core/Src/MaxDevice.o
 .comment       0x0000000000000050       0x51 ./Core/Src/main.o
 .comment       0x0000000000000050       0x51 ./Core/Src/stm32f4xx_hal_msp.o
 .comment       0x0000000000000050       0x51 ./Core/Src/stm32f4xx_it.o
 .comment       0x0000000000000050       0x51 ./Core/Src/syscalls.o
 .comment       0x0000000000000050       0x51 ./Core/Src/sysmem.o
 .comment       0x0000000000000050       0x51 ./Core/Src/system_stm32f4xx.o
 .comment       0x0000000000000050       0x51 ./Drivers/STM32F4xx_HAL_Driver/Src/stm32f4xx_hal.o
 .comment       0x0000000000000050       0x51 ./Drivers/STM32F4xx_HAL_Driver/Src/stm32f4xx_hal_cortex.o
 .comment       0x0000000000000050       0x51 ./Drivers/STM32F4xx_HAL_Driver/Src/stm32f4xx_hal_gpio.o
 .comment       0x0000000000000050       0x51 ./Drivers/STM32F4xx_HAL_Driver/Src/stm32f4xx_hal_i2c.o

.debug_frame    0x0000000000000000     0x22a0
 .debug_frame   0x0000000000000000       0xd4 ./Core/Src/ADC_Device.o
 .debug_frame   0x00000000000000d4       0xb0 ./Core/Src/MaxDevice.o
 .debug_frame   0x0000000000000184      0x108 ./Core/Src/main.o
 .debug_frame   0x000000000000028c       0x7c ./Core/Src/stm32f4xx_hal_msp.o
 .debug_frame   0x0000000000000308      0x104 ./Core/Src/stm32f4xx_it.o
 .debug_frame   0x000000000000040c      0x2ac ./Core/Src/syscalls.o
 .debug_frame   0x00000000000006b8       0x34 ./Core/Src/sysmem.o
 .debug_frame   0x00000000000006ec       0x58 ./Core/Src/system_stm32f4xx.o
 .debug_frame   0x0000000000000744      0x374 ./Drivers/STM32F4xx_HAL_Driver/Src/stm32f4xx_hal.o
 .debug_frame   0x0000000000000ab8      0x498 ./Drivers/STM32F4xx_HAL_Driver/Src/stm32f4xx_hal_cortex.o
 .debug_frame   0x0000000000000f50      0x14c ./Drivers/STM32F4xx_HAL_Driver/Src/stm32f4xx_hal_gpio.o
 .debug_frame   0x000000000000109c      0xc5c ./Drivers/STM32F4xx_HAL_Driver/Src/stm32f4xx_hal_i2c.o
 .debug_frame   0x0000000000001cf8       0x28 d:/embedded/stm32cubeide_1.10.1/stm32cubeide/plugins/com.st.stm32cube.ide.mcu.externaltools.gnu-tools-for-stm32.10.3-2021.10.win32_1.0.0.202111181127/tools/bin/../lib/gcc/arm-none-eabi/10.3.1/../../../../arm-none-eabi/lib/thumb/v7e-m+fp/hard\libstdc++_nano.a(new_op.o)
 .debug_frame   0x0000000000001d20       0x40 d:/embedded/stm32cubeide_1.10.1/stm32cubeide/plugins/com.st.stm32cube.ide.mcu.externaltools.gnu-tools-for-stm32.10.3-2021.10.win32_1.0.0.202111181127/tools/bin/../lib/gcc/arm-none-eabi/10.3.1/../../../../arm-none-eabi/lib/thumb/v7e-m+fp/hard\libstdc++_nano.a(pure.o)
 .debug_frame   0x0000000000001d60       0xb0 d:/embedded/stm32cubeide_1.10.1/stm32cubeide/plugins/com.st.stm32cube.ide.mcu.externaltools.gnu-tools-for-stm32.10.3-2021.10.win32_1.0.0.202111181127/tools/bin/../lib/gcc/arm-none-eabi/10.3.1/../../../../arm-none-eabi/lib/thumb/v7e-m+fp/hard\libstdc++_nano.a(eh_terminate.o)
 .debug_frame   0x0000000000001e10       0x30 d:/embedded/stm32cubeide_1.10.1/stm32cubeide/plugins/com.st.stm32cube.ide.mcu.externaltools.gnu-tools-for-stm32.10.3-2021.10.win32_1.0.0.202111181127/tools/bin/../lib/gcc/arm-none-eabi/10.3.1/../../../../arm-none-eabi/lib/thumb/v7e-m+fp/hard\libstdc++_nano.a(new_handler.o)
 .debug_frame   0x0000000000001e40       0x28 d:/embedded/stm32cubeide_1.10.1/stm32cubeide/plugins/com.st.stm32cube.ide.mcu.externaltools.gnu-tools-for-stm32.10.3-2021.10.win32_1.0.0.202111181127/tools/bin/../lib/gcc/arm-none-eabi/10.3.1/../../../../arm-none-eabi/lib/thumb/v7e-m+fp/hard\libc_nano.a(lib_a-abort.o)
 .debug_frame   0x0000000000001e68       0x20 d:/embedded/stm32cubeide_1.10.1/stm32cubeide/plugins/com.st.stm32cube.ide.mcu.externaltools.gnu-tools-for-stm32.10.3-2021.10.win32_1.0.0.202111181127/tools/bin/../lib/gcc/arm-none-eabi/10.3.1/../../../../arm-none-eabi/lib/thumb/v7e-m+fp/hard\libc_nano.a(lib_a-errno.o)
 .debug_frame   0x0000000000001e88       0x2c d:/embedded/stm32cubeide_1.10.1/stm32cubeide/plugins/com.st.stm32cube.ide.mcu.externaltools.gnu-tools-for-stm32.10.3-2021.10.win32_1.0.0.202111181127/tools/bin/../lib/gcc/arm-none-eabi/10.3.1/../../../../arm-none-eabi/lib/thumb/v7e-m+fp/hard\libc_nano.a(lib_a-init.o)
 .debug_frame   0x0000000000001eb4       0x30 d:/embedded/stm32cubeide_1.10.1/stm32cubeide/plugins/com.st.stm32cube.ide.mcu.externaltools.gnu-tools-for-stm32.10.3-2021.10.win32_1.0.0.202111181127/tools/bin/../lib/gcc/arm-none-eabi/10.3.1/../../../../arm-none-eabi/lib/thumb/v7e-m+fp/hard\libc_nano.a(lib_a-malloc.o)
 .debug_frame   0x0000000000001ee4       0x4c d:/embedded/stm32cubeide_1.10.1/stm32cubeide/plugins/com.st.stm32cube.ide.mcu.externaltools.gnu-tools-for-stm32.10.3-2021.10.win32_1.0.0.202111181127/tools/bin/../lib/gcc/arm-none-eabi/10.3.1/../../../../arm-none-eabi/lib/thumb/v7e-m+fp/hard\libc_nano.a(lib_a-nano-mallocr.o)
 .debug_frame   0x0000000000001f30       0x2c d:/embedded/stm32cubeide_1.10.1/stm32cubeide/plugins/com.st.stm32cube.ide.mcu.externaltools.gnu-tools-for-stm32.10.3-2021.10.win32_1.0.0.202111181127/tools/bin/../lib/gcc/arm-none-eabi/10.3.1/../../../../arm-none-eabi/lib/thumb/v7e-m+fp/hard\libc_nano.a(lib_a-sbrkr.o)
 .debug_frame   0x0000000000001f5c       0xcc d:/embedded/stm32cubeide_1.10.1/stm32cubeide/plugins/com.st.stm32cube.ide.mcu.externaltools.gnu-tools-for-stm32.10.3-2021.10.win32_1.0.0.202111181127/tools/bin/../lib/gcc/arm-none-eabi/10.3.1/../../../../arm-none-eabi/lib/thumb/v7e-m+fp/hard\libc_nano.a(lib_a-signal.o)
 .debug_frame   0x0000000000002028       0x3c d:/embedded/stm32cubeide_1.10.1/stm32cubeide/plugins/com.st.stm32cube.ide.mcu.externaltools.gnu-tools-for-stm32.10.3-2021.10.win32_1.0.0.202111181127/tools/bin/../lib/gcc/arm-none-eabi/10.3.1/../../../../arm-none-eabi/lib/thumb/v7e-m+fp/hard\libc_nano.a(lib_a-signalr.o)
 .debug_frame   0x0000000000002064       0x30 d:/embedded/stm32cubeide_1.10.1/stm32cubeide/plugins/com.st.stm32cube.ide.mcu.externaltools.gnu-tools-for-stm32.10.3-2021.10.win32_1.0.0.202111181127/tools/bin/../lib/gcc/arm-none-eabi/10.3.1/../../../../arm-none-eabi/lib/thumb/v7e-m+fp/hard\libc_nano.a(lib_a-mlock.o)
 .debug_frame   0x0000000000002094       0x5c d:/embedded/stm32cubeide_1.10.1/stm32cubeide/plugins/com.st.stm32cube.ide.mcu.externaltools.gnu-tools-for-stm32.10.3-2021.10.win32_1.0.0.202111181127/tools/bin/../lib/gcc/arm-none-eabi/10.3.1/../../../../arm-none-eabi/lib/thumb/v7e-m+fp/hard\libc_nano.a(lib_a-reent.o)
 .debug_frame   0x00000000000020f0       0xb0 d:/embedded/stm32cubeide_1.10.1/stm32cubeide/plugins/com.st.stm32cube.ide.mcu.externaltools.gnu-tools-for-stm32.10.3-2021.10.win32_1.0.0.202111181127/tools/bin/../lib/gcc/arm-none-eabi/10.3.1/../../../../arm-none-eabi/lib/thumb/v7e-m+fp/hard\libc_nano.a(lib_a-lock.o)
 .debug_frame   0x00000000000021a0       0x30 d:/embedded/stm32cubeide_1.10.1/stm32cubeide/plugins/com.st.stm32cube.ide.mcu.externaltools.gnu-tools-for-stm32.10.3-2021.10.win32_1.0.0.202111181127/tools/bin/../lib/gcc/arm-none-eabi/10.3.1/thumb/v7e-m+fp/hard\libgcc.a(_arm_muldf3.o)
 .debug_frame   0x00000000000021d0       0xac d:/embedded/stm32cubeide_1.10.1/stm32cubeide/plugins/com.st.stm32cube.ide.mcu.externaltools.gnu-tools-for-stm32.10.3-2021.10.win32_1.0.0.202111181127/tools/bin/../lib/gcc/arm-none-eabi/10.3.1/thumb/v7e-m+fp/hard\libgcc.a(_arm_addsubdf3.o)
 .debug_frame   0x000000000000227c       0x24 d:/embedded/stm32cubeide_1.10.1/stm32cubeide/plugins/com.st.stm32cube.ide.mcu.externaltools.gnu-tools-for-stm32.10.3-2021.10.win32_1.0.0.202111181127/tools/bin/../lib/gcc/arm-none-eabi/10.3.1/thumb/v7e-m+fp/hard\libgcc.a(_arm_truncdfsf2.o)
